Component: ARM Compiler 5.06 update 7 (build 960) Tool: armlink [4d3601]

==============================================================================

Section Cross References

    startup_stm32f10x_md.o(STACK) refers (Special) to heapauxi.o(.text) for __use_two_region_memory
    startup_stm32f10x_md.o(HEAP) refers (Special) to heapauxi.o(.text) for __use_two_region_memory
    startup_stm32f10x_md.o(RESET) refers (Special) to heapauxi.o(.text) for __use_two_region_memory
    startup_stm32f10x_md.o(RESET) refers to startup_stm32f10x_md.o(STACK) for __initial_sp
    startup_stm32f10x_md.o(RESET) refers to startup_stm32f10x_md.o(.text) for Reset_Handler
    startup_stm32f10x_md.o(RESET) refers to stm32f10x_it.o(i.NMI_Handler) for NMI_Handler
    startup_stm32f10x_md.o(RESET) refers to stm32f10x_it.o(i.HardFault_Handler) for HardFault_Handler
    startup_stm32f10x_md.o(RESET) refers to stm32f10x_it.o(i.MemManage_Handler) for MemManage_Handler
    startup_stm32f10x_md.o(RESET) refers to stm32f10x_it.o(i.BusFault_Handler) for BusFault_Handler
    startup_stm32f10x_md.o(RESET) refers to stm32f10x_it.o(i.UsageFault_Handler) for UsageFault_Handler
    startup_stm32f10x_md.o(RESET) refers to stm32f10x_it.o(i.SVC_Handler) for SVC_Handler
    startup_stm32f10x_md.o(RESET) refers to stm32f10x_it.o(i.DebugMon_Handler) for DebugMon_Handler
    startup_stm32f10x_md.o(RESET) refers to stm32f10x_it.o(i.PendSV_Handler) for PendSV_Handler
    startup_stm32f10x_md.o(RESET) refers to stm32f10x_it.o(i.SysTick_Handler) for SysTick_Handler
    startup_stm32f10x_md.o(RESET) refers to usart.o(i.USART1_IRQHandler) for USART1_IRQHandler
    startup_stm32f10x_md.o(.text) refers (Special) to heapauxi.o(.text) for __use_two_region_memory
    startup_stm32f10x_md.o(.text) refers to system_stm32f10x.o(i.SystemInit) for SystemInit
    startup_stm32f10x_md.o(.text) refers to __main.o(!!!main) for __main
    startup_stm32f10x_md.o(.text) refers to startup_stm32f10x_md.o(HEAP) for Heap_Mem
    startup_stm32f10x_md.o(.text) refers to startup_stm32f10x_md.o(STACK) for Stack_Mem
    system_stm32f10x.o(i.SetSysClock) refers to system_stm32f10x.o(i.SetSysClockTo72) for SetSysClockTo72
    system_stm32f10x.o(i.SystemCoreClockUpdate) refers to system_stm32f10x.o(.data) for SystemCoreClock
    system_stm32f10x.o(i.SystemInit) refers to system_stm32f10x.o(i.SetSysClock) for SetSysClock
    stm32f10x_adc.o(i.ADC_DeInit) refers to stm32f10x_rcc.o(i.RCC_APB2PeriphResetCmd) for RCC_APB2PeriphResetCmd
    stm32f10x_bkp.o(i.BKP_DeInit) refers to stm32f10x_rcc.o(i.RCC_BackupResetCmd) for RCC_BackupResetCmd
    stm32f10x_can.o(i.CAN_DeInit) refers to stm32f10x_rcc.o(i.RCC_APB1PeriphResetCmd) for RCC_APB1PeriphResetCmd
    stm32f10x_can.o(i.CAN_GetITStatus) refers to stm32f10x_can.o(i.CheckITStatus) for CheckITStatus
    stm32f10x_cec.o(i.CEC_DeInit) refers to stm32f10x_rcc.o(i.RCC_APB1PeriphResetCmd) for RCC_APB1PeriphResetCmd
    stm32f10x_dac.o(i.DAC_DeInit) refers to stm32f10x_rcc.o(i.RCC_APB1PeriphResetCmd) for RCC_APB1PeriphResetCmd
    stm32f10x_flash.o(i.FLASH_EnableWriteProtection) refers to stm32f10x_flash.o(i.FLASH_WaitForLastOperation) for FLASH_WaitForLastOperation
    stm32f10x_flash.o(i.FLASH_EraseAllBank1Pages) refers to stm32f10x_flash.o(i.FLASH_WaitForLastBank1Operation) for FLASH_WaitForLastBank1Operation
    stm32f10x_flash.o(i.FLASH_EraseAllPages) refers to stm32f10x_flash.o(i.FLASH_WaitForLastOperation) for FLASH_WaitForLastOperation
    stm32f10x_flash.o(i.FLASH_EraseOptionBytes) refers to stm32f10x_flash.o(i.FLASH_GetReadOutProtectionStatus) for FLASH_GetReadOutProtectionStatus
    stm32f10x_flash.o(i.FLASH_EraseOptionBytes) refers to stm32f10x_flash.o(i.FLASH_WaitForLastOperation) for FLASH_WaitForLastOperation
    stm32f10x_flash.o(i.FLASH_ErasePage) refers to stm32f10x_flash.o(i.FLASH_WaitForLastOperation) for FLASH_WaitForLastOperation
    stm32f10x_flash.o(i.FLASH_ProgramHalfWord) refers to stm32f10x_flash.o(i.FLASH_WaitForLastOperation) for FLASH_WaitForLastOperation
    stm32f10x_flash.o(i.FLASH_ProgramOptionByteData) refers to stm32f10x_flash.o(i.FLASH_WaitForLastOperation) for FLASH_WaitForLastOperation
    stm32f10x_flash.o(i.FLASH_ProgramWord) refers to stm32f10x_flash.o(i.FLASH_WaitForLastOperation) for FLASH_WaitForLastOperation
    stm32f10x_flash.o(i.FLASH_ReadOutProtection) refers to stm32f10x_flash.o(i.FLASH_WaitForLastOperation) for FLASH_WaitForLastOperation
    stm32f10x_flash.o(i.FLASH_UserOptionByteConfig) refers to stm32f10x_flash.o(i.FLASH_WaitForLastOperation) for FLASH_WaitForLastOperation
    stm32f10x_flash.o(i.FLASH_WaitForLastBank1Operation) refers to stm32f10x_flash.o(i.FLASH_GetBank1Status) for FLASH_GetBank1Status
    stm32f10x_flash.o(i.FLASH_WaitForLastOperation) refers to stm32f10x_flash.o(i.FLASH_GetBank1Status) for FLASH_GetBank1Status
    stm32f10x_gpio.o(i.GPIO_AFIODeInit) refers to stm32f10x_rcc.o(i.RCC_APB2PeriphResetCmd) for RCC_APB2PeriphResetCmd
[...]
    Library\stm32f10x_bkp.c                  0x00000000   Number         0  stm32f10x_bkp.o ABSOLUTE
    Library\stm32f10x_can.c                  0x00000000   Number         0  stm32f10x_can.o ABSOLUTE
    Library\stm32f10x_cec.c                  0x00000000   Number         0  stm32f10x_cec.o ABSOLUTE
    Library\stm32f10x_crc.c                  0x00000000   Number         0  stm32f10x_crc.o ABSOLUTE
    Library\stm32f10x_dac.c                  0x00000000   Number         0  stm32f10x_dac.o ABSOLUTE
    Library\stm32f10x_dbgmcu.c               0x00000000   Number         0  stm32f10x_dbgmcu.o ABSOLUTE
    Library\stm32f10x_dma.c                  0x00000000   Number         0  stm32f10x_dma.o ABSOLUTE
    Library\stm32f10x_exti.c                 0x00000000   Number         0  stm32f10x_exti.o ABSOLUTE
    Library\stm32f10x_flash.c                0x00000000   Number         0  stm32f10x_flash.o ABSOLUTE
    Library\stm32f10x_fsmc.c                 0x00000000   Number         0  stm32f10x_fsmc.o ABSOLUTE
    Library\stm32f10x_gpio.c                 0x00000000   Number         0  stm32f10x_gpio.o ABSOLUTE
    Library\stm32f10x_i2c.c                  0x00000000   Number         0  stm32f10x_i2c.o ABSOLUTE
    Library\stm32f10x_iwdg.c                 0x00000000   Number         0  stm32f10x_iwdg.o ABSOLUTE
    Library\stm32f10x_pwr.c                  0x00000000   Number         0  stm32f10x_pwr.o ABSOLUTE
    Library\stm32f10x_rcc.c                  0x00000000   Number         0  stm32f10x_rcc.o ABSOLUTE
    Library\stm32f10x_rtc.c                  0x00000000   Number         0  stm32f10x_rtc.o ABSOLUTE
    Library\stm32f10x_sdio.c                 0x00000000   Number         0  stm32f10x_sdio.o ABSOLUTE
    Library\stm32f10x_spi.c                  0x00000000   Number         0  stm32f10x_spi.o ABSOLUTE
    Library\stm32f10x_tim.c                  0x00000000   Number         0  stm32f10x_tim.o ABSOLUTE
    Library\stm32f10x_usart.c                0x00000000   Number         0  stm32f10x_usart.o ABSOLUTE
    Library\stm32f10x_wwdg.c                 0x00000000   Number         0  stm32f10x_wwdg.o ABSOLUTE
    Start\\core_cm3.c                        0x00000000   Number         0  core_cm3.o ABSOLUTE
    Start\core_cm3.c                         0x00000000   Number         0  core_cm3.o ABSOLUTE
    Start\startup_stm32f10x_md.s             0x00000000   Number         0  startup_stm32f10x_md.o ABSOLUTE
    Start\system_stm32f10x.c                 0x00000000   Number         0  system_stm32f10x.o ABSOLUTE
    System\Delay.c                           0x00000000   Number         0  delay.o ABSOLUTE
    User\main.c                              0x00000000   Number         0  main.o ABSOLUTE
    User\stm32f10x_it.c                      0x00000000   Number         0  stm32f10x_it.o ABSOLUTE
    dc.s                                     0x00000000   Number         0  dc.o ABSOLUTE
    RESET                                    0x08000000   Section      236  startup_stm32f10x_md.o(RESET)
    !!!main                                  0x080000ec   Section        8  __main.o(!!!main)
    !!!scatter                               0x080000f4   Section       52  __scatter.o(!!!scatter)
    !!handler_copy                           0x08000128   Section       26  __scatter_copy.o(!!handler_copy)
    !!handler_zi                             0x08000144   Section       28  __scatter_zi.o(!!handler_zi)
    .ARM.Collect$$_printf_percent$$00000000  0x08000160   Section        0  _printf_percent.o(.ARM.Collect$$_printf_percent$$00000000)
    .ARM.Collect$$_printf_percent$$00000001  0x08000160   Section        6  _printf_n.o(.ARM.Collect$$_printf_percent$$00000001)
    .ARM.Collect$$_printf_percent$$00000002  0x08000166   Section        6  _printf_p.o(.ARM.Collect$$_printf_percent$$00000002)
    .ARM.Collect$$_printf_percent$$00000003  0x0800016c   Section        6  _printf_f.o(.ARM.Collect$$_printf_percent$$00000003)
    .ARM.Collect$$_printf_percent$$00000004  0x08000172   Section        6  _printf_e.o(.ARM.Collect$$_printf_percent$$00000004)
    .ARM.Collect$$_printf_percent$$00000005  0x08000178   Section        6  _printf_g.o(.ARM.Collect$$_printf_percent$$00000005)
    .ARM.Collect$$_printf_percent$$00000006  0x0800017e   Section        6  _printf_a.o(.ARM.Collect$$_printf_percent$$00000006)
    .ARM.Collect$$_printf_percent$$00000007  0x08000184   Section       10  _printf_ll.o(.ARM.Collect$$_printf_percent$$00000007)
    .ARM.Collect$$_printf_percent$$00000008  0x0800018e   Section        6  _printf_i.o(.ARM.Collect$$_printf_percent$$00000008)
    .ARM.Collect$$_printf_percent$$00000009  0x08000194   Section        6  _printf_d.o(.ARM.Collect$$_printf_percent$$00000009)
    .ARM.Collect$$_printf_percent$$0000000A  0x0800019a   Section        6  _printf_u.o(.ARM.Collect$$_printf_percent$$0000000A)
    .ARM.Collect$$_printf_percent$$0000000B  0x080001a0   Section        6  _printf_o.o(.ARM.Collect$$_printf_percent$$0000000B)
    .ARM.Collect$$_printf_percent$$0000000C  0x080001a6   Section        6  _printf_x.o(.ARM.Collect$$_printf_percent$$0000000C)
    .ARM.Collect$$_printf_percent$$0000000D  0x080001ac   Section        6  _printf_lli.o(.ARM.Collect$$_printf_percent$$0000000D)
    .ARM.Collect$$_printf_percent$$0000000E  0x080001b2   Section        6  _printf_lld.o(.ARM.Collect$$_printf_percent$$0000000E)
    .ARM.Collect$$_printf_percent$$0000000F  0x080001b8   Section        6  _printf_llu.o(.ARM.Collect$$_printf_percent$$0000000F)
    .ARM.Collect$$_printf_percent$$00000010  0x080001be   Section        6  _printf_llo.o(.ARM.Collect$$_printf_percent$$00000010)
    .ARM.Collect$$_printf_percent$$00000011  0x080001c4   Section        6  _printf_llx.o(.ARM.Collect$$_printf_percent$$00000011)
    .ARM.Collect$$_printf_percent$$00000012  0x080001ca   Section       10  _printf_l.o(.ARM.Collect$$_printf_percent$$00000012)
    .ARM.Collect$$_printf_percent$$00000013  0x080001d4   Section        6  _printf_c.o(.ARM.Collect$$_printf_percent$$00000013)
    .ARM.Collect$$_printf_percent$$00000014  0x080001da   Section        6  _printf_s.o(.ARM.Collect$$_printf_percent$$00000014)
    .ARM.Collect$$_printf_percent$$00000015  0x080001e0   Section        6  _printf_lc.o(.ARM.Collect$$_printf_percent$$00000015)
    .ARM.Collect$$_printf_percent$$00000016  0x080001e6   Section        6  _printf_ls.o(.ARM.Collect$$_printf_percent$$00000016)
    .ARM.Collect$$_printf_percent$$00000017  0x080001ec   Section        4  _printf_percent_end.o(.ARM.Collect$$_printf_percent$$00000017)
    .ARM.Collect$$libinit$$00000000          0x080001f0   Section        2  libinit.o(.ARM.Collect$$libinit$$00000000)
    .ARM.Collect$$libinit$$00000002          0x080001f2   Section        0  libinit2.o(.ARM.Collect$$libinit$$00000002)
    .ARM.Collect$$libinit$$00000004          0x080001f2   Section        0  libinit2.o(.ARM.Collect$$libinit$$00000004)
    .ARM.Collect$$libinit$$0000000A          0x080001f2   Section        0  libinit2.o(.ARM.Collect$$libinit$$0000000A)
    .ARM.Collect$$libinit$$0000000C          0x080001f2   Section        0  libinit2.o(.ARM.Collect$$libinit$$0000000C)
    .ARM.Collect$$libinit$$0000000E          0x080001f2   Section        0  libinit2.o(.ARM.Collect$$libinit$$0000000E)
    .ARM.Collect$$libinit$$0000000F          0x080001f2   Section        6  libinit2.o(.ARM.Collect$$libinit$$0000000F)
    .ARM.Collect$$libinit$$00000011          0x080001f8   Section        0  libinit2.o(.ARM.Collect$$libinit$$00000011)
    .ARM.Collect$$libinit$$00000012          0x080001f8   Section       12  libinit2.o(.ARM.Collect$$libinit$$00000012)
    .ARM.Collect$$libinit$$00000013          0x08000204   Section        0  libinit2.o(.ARM.Collect$$libinit$$00000013)
    .ARM.Collect$$libinit$$00000015          0x08000204   Section        0  libinit2.o(.ARM.Collect$$libinit$$00000015)
    .ARM.Collect$$libinit$$00000016          0x08000204   Section       10  libinit2.o(.ARM.Collect$$libinit$$00000016)
    .ARM.Collect$$libinit$$00000017          0x0800020e   Section        0  libinit2.o(.ARM.Collect$$libinit$$00000017)
    .ARM.Collect$$libinit$$00000019          0x0800020e   Section        0  libinit2.o(.ARM.Collect$$libinit$$00000019)
    .ARM.Collect$$libinit$$0000001B          0x0800020e   Section        0  libinit2.o(.ARM.Collect$$libinit$$0000001B)
    .ARM.Collect$$libinit$$0000001D          0x0800020e   Section        0  libinit2.o(.ARM.Collect$$libinit$$0000001D)
    .ARM.Collect$$libinit$$0000001F          0x0800020e   Section        0  libinit2.o(.ARM.Collect$$libinit$$0000001F)
    .ARM.Collect$$libinit$$00000021          0x0800020e   Section        0  libinit2.o(.ARM.Collect$$libinit$$00000021)
    .ARM.Collect$$libinit$$00000023          0x0800020e   Section        0  libinit2.o(.ARM.Collect$$libinit$$00000023)
    .ARM.Collect$$libinit$$00000025          0x0800020e   Section        0  libinit2.o(.ARM.Collect$$libinit$$00000025)
    .ARM.Collect$$libinit$$0000002C          0x0800020e   Section        0  libinit2.o(.ARM.Collect$$libinit$$0000002C)
    .ARM.Collect$$libinit$$0000002E          0x0800020e   Section        0  libinit2.o(.ARM.Collect$$libinit$$0000002E)
    .ARM.Collect$$libinit$$00000030          0x0800020e   Section        0  libinit2.o(.ARM.Collect$$libinit$$00000030)
    .ARM.Collect$$libinit$$00000032          0x0800020e   Section        0  libinit2.o(.ARM.Collect$$libinit$$00000032)
    .ARM.Collect$$libinit$$00000033          0x0800020e   Section        2  libinit2.o(.ARM.Collect$$libinit$$00000033)
    .ARM.Collect$$libshutdown$$00000000      0x08000210   Section        2  libshutdown.o(.ARM.Collect$$libshutdown$$00000000)
    .ARM.Collect$$libshutdown$$00000002      0x08000212   Section        0  libshutdown2.o(.ARM.Collect$$libshutdown$$00000002)
    .ARM.Collect$$libshutdown$$00000004      0x08000212   Section        0  libshutdown2.o(.ARM.Collect$$libshutdown$$00000004)
    .ARM.Collect$$libshutdown$$00000006      0x08000212   Section        0  libshutdown2.o(.ARM.Collect$$libshutdown$$00000006)
    .ARM.Collect$$libshutdown$$00000009      0x08000212   Section        0  libshutdown2.o(.ARM.Collect$$libshutdown$$00000009)
    .ARM.Collect$$libshutdown$$0000000C      0x08000212   Section        0  libshutdown2.o(.ARM.Collect$$libshutdown$$0000000C)
    .ARM.Collect$$libshutdown$$0000000E      0x08000212   Section        0  libshutdown2.o(.ARM.Collect$$libshutdown$$0000000E)
    .ARM.Collect$$libshutdown$$00000011      0x08000212   Section        0  libshutdown2.o(.ARM.Collect$$libshutdown$$00000011)
    .ARM.Collect$$libshutdown$$00000012      0x08000212   Section        2  libshutdown2.o(.ARM.Collect$$libshutdown$$00000012)
    .ARM.Collect$$rtentry$$00000000          0x08000214   Section        0  __rtentry.o(.ARM.Collect$$rtentry$$00000000)
    .ARM.Collect$$rtentry$$00000002          0x08000214   Section        0  __rtentry2.o(.ARM.Collect$$rtentry$$00000002)
    .ARM.Collect$$rtentry$$00000004          0x08000214   Section        6  __rtentry4.o(.ARM.Collect$$rtentry$$00000004)
    .ARM.Collect$$rtentry$$00000009          0x0800021a   Section        0  __rtentry2.o(.ARM.Collect$$rtentry$$00000009)
    .ARM.Collect$$rtentry$$0000000A          0x0800021a   Section        4  __rtentry2.o(.ARM.Collect$$rtentry$$0000000A)
    .ARM.Collect$$rtentry$$0000000C          0x0800021e   Section        0  __rtentry2.o(.ARM.Collect$$rtentry$$0000000C)
    .ARM.Collect$$rtentry$$0000000D          0x0800021e   Section        8  __rtentry2.o(.ARM.Collect$$rtentry$$0000000D)
    .ARM.Collect$$rtexit$$00000000           0x08000226   Section        2  rtexit.o(.ARM.Collect$$rtexit$$00000000)
    .ARM.Collect$$rtexit$$00000002           0x08000228   Section        0  rtexit2.o(.ARM.Collect$$rtexit$$00000002)
    .ARM.Collect$$rtexit$$00000003           0x08000228   Section        4  rtexit2.o(.ARM.Collect$$rtexit$$00000003)
    .ARM.Collect$$rtexit$$00000004           0x0800022c   Section        6  rtexit2.o(.ARM.Collect$$rtexit$$00000004)
    .text                                    0x08000234   Section       64  startup_stm32f10x_md.o(.text)
    .text                                    0x08000274   Section        0  vsnprintf.o(.text)
    .text                                    0x080002a8   Section        0  __2sprintf.o(.text)
    .text                                    0x080002d4   Section        0  _printf_pad.o(.text)
    .text                                    0x08000324   Section        0  __printf_flags_ss_wp.o(.text)
    .text                                    0x080004ac   Section        0  heapauxi.o(.text)
    .text                                    0x080004b2   Section        0  _printf_truncate.o(.text)
    .text                                    0x080004d6   Section        0  _printf_str.o(.text)
    .text                                    0x08000528   Section        0  _printf_dec.o(.text)
    .text                                    0x080005a0   Section        0  _printf_charcount.o(.text)
    .text                                    0x080005c8   Section        0  _printf_fp_dec.o(.text)
    _fp_digits                               0x080005cb   Thumb Code   432  _printf_fp_dec.o(.text)
    .text                                    0x080009e8   Section        0  _printf_char_common.o(.text)
    _printf_input_char                       0x080009e9   Thumb Code    10  _printf_char_common.o(.text)
    .text                                    0x08000a18   Section        0  _sputc.o(.text)
    .text                                    0x08000a22   Section        0  _snputc.o(.text)
    .text                                    0x08000a34   Section        0  _printf_wctomb.o(.text)
    .text                                    0x08000af0   Section        0  _printf_longlong_dec.o(.text)
    .text                                    0x08000b6c   Section        0  _printf_oct_int_ll.o(.text)
    _printf_longlong_oct_internal            0x08000b6d   Thumb Code     0  _printf_oct_int_ll.o(.text)
    .text                                    0x08000bdc   Section        0  _printf_hex_int_ll_ptr.o(.text)
    _printf_hex_common                       0x08000bdd   Thumb Code     0  _printf_hex_int_ll_ptr.o(.text)
    .text                                    0x08000c70   Section        8  rt_locale_intlibspace.o(.text)
    .text                                    0x08000c78   Section      138  lludiv10.o(.text)
    .text                                    0x08000d02   Section        0  _printf_intcommon.o(.text)
    .text                                    0x08000db4   Section        0  _printf_fp_hex.o(.text)
    .text                                    0x080010b0   Section        0  _printf_fp_infnan.o(.text)
    .text                                    0x08001130   Section        0  _printf_char.o(.text)
    .text                                    0x0800115c   Section        0  _printf_wchar.o(.text)
    .text                                    0x08001188   Section        0  bigflt0.o(.text)
    .text                                    0x0800126c   Section        0  _wcrtomb.o(.text)
    .text                                    0x080012ac   Section        8  libspace.o(.text)
    .text                                    0x080012b4   Section       74  sys_stackheap_outer.o(.text)
    .text                                    0x08001300   Section       16  rt_ctype_table.o(.text)
    .text                                    0x08001310   Section        0  exit.o(.text)
    .text                                    0x08001324   Section      128  strcmpv7m.o(.text)
    .text                                    0x080013a4   Section        0  sys_exit.o(.text)
    .text                                    0x080013b0   Section        2  use_no_semi.o(.text)
    .text                                    0x080013b2   Section        0  indicate_semi.o(.text)
    CL$$btod_d2e                             0x080013b2   Section       62  btod.o(CL$$btod_d2e)
    CL$$btod_d2e_denorm_low                  0x080013f0   Section       70  btod.o(CL$$btod_d2e_denorm_low)
    CL$$btod_d2e_norm_op1                    0x08001436   Section       96  btod.o(CL$$btod_d2e_norm_op1)
    CL$$btod_div_common                      0x08001496   Section      824  btod.o(CL$$btod_div_common)
    CL$$btod_e2e                             0x080017ce   Section      220  btod.o(CL$$btod_e2e)
    CL$$btod_ediv                            0x080018aa   Section       42  btod.o(CL$$btod_ediv)
    CL$$btod_emul                            0x080018d4   Section       42  btod.o(CL$$btod_emul)
    CL$$btod_mult_common                     0x080018fe   Section      580  btod.o(CL$$btod_mult_common)
    i.BusFault_Handler                       0x08001b42   Section        0  stm32f10x_it.o(i.BusFault_Handler)
    i.DS18B20_GPIO_Config                    0x08001b48   Section        0  ds18b20.o(i.DS18B20_GPIO_Config)
    DS18B20_GPIO_Config                      0x08001b49   Thumb Code    50  ds18b20.o(i.DS18B20_GPIO_Config)
    i.DS18B20_Get_Temp                       0x08001b80   Section        0  ds18b20.o(i.DS18B20_Get_Temp)
    i.DS18B20_Init                           0x08001c04   Section        0  ds18b20.o(i.DS18B20_Init)
    i.DS18B20_Mode_IPU                       0x08001c14   Section        0  ds18b20.o(i.DS18B20_Mode_IPU)
    DS18B20_Mode_IPU                         0x08001c15   Thumb Code    26  ds18b20.o(i.DS18B20_Mode_IPU)
    i.DS18B20_Mode_Out_PP                    0x08001c34   Section        0  ds18b20.o(i.DS18B20_Mode_Out_PP)
    DS18B20_Mode_Out_PP                      0x08001c35   Thumb Code    32  ds18b20.o(i.DS18B20_Mode_Out_PP)
    i.DS18B20_Presence                       0x08001c58   Section        0  ds18b20.o(i.DS18B20_Presence)
    DS18B20_Presence                         0x08001c59   Thumb Code    86  ds18b20.o(i.DS18B20_Presence)
    i.DS18B20_Read_Bit                       0x08001cb4   Section        0  ds18b20.o(i.DS18B20_Read_Bit)
    DS18B20_Read_Bit                         0x08001cb5   Thumb Code    56  ds18b20.o(i.DS18B20_Read_Bit)
    i.DS18B20_Read_Byte                      0x08001cf0   Section        0  ds18b20.o(i.DS18B20_Read_Byte)
    i.DS18B20_Rst                            0x08001d14   Section        0  ds18b20.o(i.DS18B20_Rst)
    DS18B20_Rst                              0x08001d15   Thumb Code    42  ds18b20.o(i.DS18B20_Rst)
    i.DS18B20_Write_Byte                     0x08001d44   Section        0  ds18b20.o(i.DS18B20_Write_Byte)
    i.DebugMon_Handler                       0x08001da8   Section        0  stm32f10x_it.o(i.DebugMon_Handler)
    i.Delay_ms                               0x08001daa   Section        0  delay.o(i.Delay_ms)
    i.Delay_us                               0x08001dc2   Section        0  delay.o(i.Delay_us)
    i.GPIO_Init                              0x08001df0   Section        0  stm32f10x_gpio.o(i.GPIO_Init)
    i.GPIO_ReadInputDataBit                  0x08001f06   Section        0  stm32f10x_gpio.o(i.GPIO_ReadInputDataBit)
    i.GPIO_ResetBits                         0x08001f18   Section        0  stm32f10x_gpio.o(i.GPIO_ResetBits)
    i.GPIO_SetBits                           0x08001f1c   Section        0  stm32f10x_gpio.o(i.GPIO_SetBits)
    i.GPIO_WriteBit                          0x08001f20   Section        0  stm32f10x_gpio.o(i.GPIO_WriteBit)
    i.HardFault_Handler                      0x08001f2a   Section        0  stm32f10x_it.o(i.HardFault_Handler)
    i.MemManage_Handler                      0x08001f2e   Section        0  stm32f10x_it.o(i.MemManage_Handler)
    i.NMI_Handler                            0x08001f32   Section        0  stm32f10x_it.o(i.NMI_Handler)
    i.NVIC_Init                              0x08001f34   Section        0  misc.o(i.NVIC_Init)
    i.OLED_Clear                             0x08001fa4   Section        0  oled.o(i.OLED_Clear)
    i.OLED_I2C_Init                          0x08001fd0   Section        0  oled.o(i.OLED_I2C_Init)
    i.OLED_I2C_SendByte                      0x08002020   Section        0  oled.o(i.OLED_I2C_SendByte)
    i.OLED_I2C_Start                         0x08002074   Section        0  oled.o(i.OLED_I2C_Start)
    i.OLED_I2C_Stop                          0x080020a8   Section        0  oled.o(i.OLED_I2C_Stop)
    i.OLED_Init                              0x080020d0   Section        0  oled.o(i.OLED_Init)
    i.OLED_Pow                               0x0800217e   Section        0  oled.o(i.OLED_Pow)
    i.OLED_SetCursor                         0x08002192   Section        0  oled.o(i.OLED_SetCursor)
    i.OLED_ShowChar                          0x080021b4   Section        0  oled.o(i.OLED_ShowChar)
    i.OLED_ShowNum                           0x08002228   Section        0  oled.o(i.OLED_ShowNum)
    i.OLED_ShowString                        0x0800226c   Section        0  oled.o(i.OLED_ShowString)
    i.OLED_WriteCommand                      0x08002294   Section        0  oled.o(i.OLED_WriteCommand)
    i.OLED_WriteData                         0x080022b4   Section        0  oled.o(i.OLED_WriteData)
    i.PendSV_Handler                         0x080022d4   Section        0  stm32f10x_it.o(i.PendSV_Handler)
    i.RCC_APB2PeriphClockCmd                 0x080022d8   Section        0  stm32f10x_rcc.o(i.RCC_APB2PeriphClockCmd)
    i.RCC_GetClocksFreq                      0x080022f8   Section        0  stm32f10x_rcc.o(i.RCC_GetClocksFreq)
    i.SVC_Handler                            0x080023cc   Section        0  stm32f10x_it.o(i.SVC_Handler)
    i.SetSysClock                            0x080023ce   Section        0  system_stm32f10x.o(i.SetSysClock)
    SetSysClock                              0x080023cf   Thumb Code     8  system_stm32f10x.o(i.SetSysClock)
    i.SetSysClockTo72                        0x080023d8   Section        0  system_stm32f10x.o(i.SetSysClockTo72)
    SetSysClockTo72                          0x080023d9   Thumb Code   214  system_stm32f10x.o(i.SetSysClockTo72)
    i.SysTick_Handler                        0x080024b8   Section        0  stm32f10x_it.o(i.SysTick_Handler)
    i.SystemInit                             0x080024bc   Section        0  system_stm32f10x.o(i.SystemInit)
    i.USART1_IRQHandler                      0x0800251c   Section        0  usart.o(i.USART1_IRQHandler)
    i.USART_ClearFlag                        0x08002538   Section        0  stm32f10x_usart.o(i.USART_ClearFlag)
    i.USART_Cmd                              0x0800254a   Section        0  stm32f10x_usart.o(i.USART_Cmd)
    i.USART_GetFlagStatus                    0x08002562   Section        0  stm32f10x_usart.o(i.USART_GetFlagStatus)
    i.USART_GetITStatus                      0x0800257c   Section        0  stm32f10x_usart.o(i.USART_GetITStatus)
    i.USART_ITConfig                         0x080025d0   Section        0  stm32f10x_usart.o(i.USART_ITConfig)
    i.USART_Init                             0x0800261c   Section        0  stm32f10x_usart.o(i.USART_Init)
    i.USART_SendData                         0x080026f4   Section        0  stm32f10x_usart.o(i.USART_SendData)
    i.UsageFault_Handler                     0x080026fc   Section        0  stm32f10x_it.o(i.UsageFault_Handler)
    i.Usart1_Init                            0x08002700   Section        0  usart.o(i.Usart1_Init)
    i.UsartPrintf                            0x080027b0   Section        0  usart.o(i.UsartPrintf)
    i.__ARM_fpclassify                       0x080027f8   Section        0  fpclassify.o(i.__ARM_fpclassify)
    i._is_digit                              0x08002820   Section        0  __printf_wp.o(i._is_digit)
    i.main                                   0x08002830   Section        0  main.o(i.main)
    locale$$code                             0x080028b8   Section       44  lc_numeric_c.o(locale$$code)
    locale$$code                             0x080028e4   Section       44  lc_ctype_c.o(locale$$code)
    x$fpl$d2f                                0x08002910   Section       98  d2f.o(x$fpl$d2f)
    x$fpl$dflt                               0x08002972   Section       46  dflt_clz.o(x$fpl$dflt)
    x$fpl$dmul                               0x080029a0   Section      340  dmul.o(x$fpl$dmul)
    x$fpl$dnaninf                            0x08002af4   Section      156  dnaninf.o(x$fpl$dnaninf)
    x$fpl$dretinf                            0x08002b90   Section       12  dretinf.o(x$fpl$dretinf)
    x$fpl$f2d                                0x08002b9c   Section       86  f2d.o(x$fpl$f2d)
    x$fpl$ffixu                              0x08002bf4   Section       62  ffixu.o(x$fpl$ffixu)
    x$fpl$fnaninf                            0x08002c32   Section      140  fnaninf.o(x$fpl$fnaninf)
    x$fpl$fretinf                            0x08002cbe   Section       10  fretinf.o(x$fpl$fretinf)
    x$fpl$printf1                            0x08002cc8   Section        4  printf1.o(x$fpl$printf1)
    x$fpl$printf2                            0x08002ccc   Section        4  printf2.o(x$fpl$printf2)
    .constdata                               0x08002cd0   Section     1520  oled.o(.constdata)
    x$fpl$usenofp                            0x08002cd0   Section        0  usenofp.o(x$fpl$usenofp)
    .constdata                               0x080032c0   Section       17  __printf_flags_ss_wp.o(.constdata)
    maptable                                 0x080032c0   Data          17  __printf_flags_ss_wp.o(.constdata)
    .constdata                               0x080032d4   Section        8  _printf_wctomb.o(.constdata)
    initial_mbstate                          0x080032d4   Data           8  _printf_wctomb.o(.constdata)
    .constdata                               0x080032dc   Section       40  _printf_hex_int_ll_ptr.o(.constdata)
    uc_hextab                                0x080032dc   Data          20  _printf_hex_int_ll_ptr.o(.constdata)
    lc_hextab                                0x080032f0   Data          20  _printf_hex_int_ll_ptr.o(.constdata)
    .constdata                               0x08003304   Section       38  _printf_fp_hex.o(.constdata)
    lc_hextab                                0x08003304   Data          19  _printf_fp_hex.o(.constdata)
    uc_hextab                                0x08003317   Data          19  _printf_fp_hex.o(.constdata)
    .constdata                               0x0800332c   Section      148  bigflt0.o(.constdata)
    tenpwrs_x                                0x0800332c   Data          60  bigflt0.o(.constdata)
    tenpwrs_i                                0x08003368   Data          64  bigflt0.o(.constdata)
    locale$$data                             0x080033e0   Section       28  lc_numeric_c.o(locale$$data)
    __lcnum_c_name                           0x080033e4   Data           2  lc_numeric_c.o(locale$$data)
    __lcnum_c_start                          0x080033ec   Data           0  lc_numeric_c.o(locale$$data)
    __lcnum_c_point                          0x080033f8   Data           0  lc_numeric_c.o(locale$$data)
    __lcnum_c_thousands                      0x080033fa   Data           0  lc_numeric_c.o(locale$$data)
    __lcnum_c_grouping                       0x080033fb   Data           0  lc_numeric_c.o(locale$$data)
    locale$$data                             0x080033fc   Section      272  lc_ctype_c.o(locale$$data)
    __lcnum_c_end                            0x080033fc   Data           0  lc_numeric_c.o(locale$$data)
    __lcctype_c_name                         0x08003400   Data           2  lc_ctype_c.o(locale$$data)
    __lcctype_c_start                        0x08003408   Data           0  lc_ctype_c.o(locale$$data)
    __lcctype_c_end                          0x0800350c   Data           0  lc_ctype_c.o(locale$$data)
    .data                                    0x20000000   Section       20  stm32f10x_rcc.o(.data)
    APBAHBPrescTable                         0x20000000   Data          16  stm32f10x_rcc.o(.data)
    ADCPrescTable                            0x20000010   Data           4  stm32f10x_rcc.o(.data)
    .data                                    0x20000014   Section        4  main.o(.data)
    .bss                                     0x20000018   Section       20  main.o(.bss)
    .bss                                     0x2000002c   Section       96  libspace.o(.bss)
    HEAP                                     0x20000090   Section      512  startup_stm32f10x_md.o(HEAP)
    Heap_Mem                                 0x20000090   Data         512  startup_stm32f10x_md.o(HEAP)
    STACK                                    0x20000290   Section     1024  startup_stm32f10x_md.o(STACK)
    Stack_Mem                                0x20000290   Data        1024  startup_stm32f10x_md.o(STACK)
    __initial_sp                             0x20000690   Data           0  startup_stm32f10x_md.o(STACK)

    Global Symbols

    Symbol Name                              Value     Ov Type        Size  Object(Section)

    BuildAttributes$$THM_ISAv4$P$D$K$B$S$PE$A:L22UL41UL21$X:L11$S22US41US21$IEEE1$IW$USESV6$~STKCKD$USESV7$~SHL$OTIME$ROPI$IEEEJ$EBA8$UX$STANDARDLIB$REQ8$PRES8$EABIv2 0x00000000   Number         0  anon$$obj.o ABSOLUTE
    __ARM_use_no_argv                        0x00000000   Number         0  main.o ABSOLUTE
    _printf_flags                            0x00000000   Number         0  printf_stubs.o ABSOLUTE
    _printf_return_value                     0x00000000   Number         0  printf_stubs.o ABSOLUTE
    _printf_sizespec                         0x00000000   Number         0  printf_stubs.o ABSOLUTE
    _printf_widthprec                        0x00000000   Number         0  printf_stubs.o ABSOLUTE
    __ARM_exceptions_init                     - Undefined Weak Reference
    __alloca_initialize                       - Undefined Weak Reference
    __arm_fini_                               - Undefined Weak Reference
    __arm_preinit_                            - Undefined Weak Reference
    __cpp_initialize__aeabi_                  - Undefined Weak Reference
    __cxa_finalize                            - Undefined Weak Reference
    __sigvec_lookup                           - Undefined Weak Reference
    _atexit_init                              - Undefined Weak Reference
    _call_atexit_fns                          - Undefined Weak Reference
    _clock_init                               - Undefined Weak Reference
    _fp_trap_init                             - Undefined Weak Reference
    _fp_trap_shutdown                         - Undefined Weak Reference
    _get_lc_collate                           - Undefined Weak Reference
    _get_lc_monetary                          - Undefined Weak Reference
    _get_lc_time                              - Undefined Weak Reference
    _getenv_init                              - Undefined Weak Reference
    _handle_redirection                       - Undefined Weak Reference
    _init_alloc                               - Undefined Weak Reference
    _init_user_alloc                          - Undefined Weak Reference
    _initio                                   - Undefined Weak Reference
    _printf_mbtowc                            - Undefined Weak Reference
    _printf_wc                                - Undefined Weak Reference
    _rand_init                                - Undefined Weak Reference
    _signal_finish                            - Undefined Weak Reference
    _signal_init                              - Undefined Weak Reference
    _terminate_alloc                          - Undefined Weak Reference
    _terminate_user_alloc                     - Undefined Weak Reference
    _terminateio                              - Undefined Weak Reference
    __Vectors_Size                           0x000000ec   Number         0  startup_stm32f10x_md.o ABSOLUTE
    __Vectors                                0x08000000   Data           4  startup_stm32f10x_md.o(RESET)
    __Vectors_End                            0x080000ec   Data           0  startup_stm32f10x_md.o(RESET)
    __main                                   0x080000ed   Thumb Code     8  __main.o(!!!main)
    __scatterload                            0x080000f5   Thumb Code     0  __scatter.o(!!!scatter)
    __scatterload_rt2                        0x080000f5   Thumb Code    44  __scatter.o(!!!scatter)
    __scatterload_rt2_thumb_only             0x080000f5   Thumb Code     0  __scatter.o(!!!scatter)
    __scatterload_null                       0x08000103   Thumb Code     0  __scatter.o(!!!scatter)
    __scatterload_copy                       0x08000129   Thumb Code    26  __scatter_copy.o(!!handler_copy)
    __scatterload_zeroinit                   0x08000145   Thumb Code    28  __scatter_zi.o(!!handler_zi)
    _printf_n                                0x08000161   Thumb Code     0  _printf_n.o(.ARM.Collect$$_printf_percent$$00000001)
    _printf_percent                          0x08000161   Thumb Code     0  _printf_percent.o(.ARM.Collect$$_printf_percent$$00000000)
    _printf_p                                0x08000167   Thumb Code     0  _printf_p.o(.ARM.Collect$$_printf_percent$$00000002)
    _printf_f                                0x0800016d   Thumb Code     0  _printf_f.o(.ARM.Collect$$_printf_percent$$00000003)
    _printf_e                                0x08000173   Thumb Code     0  _printf_e.o(.ARM.Collect$$_printf_percent$$00000004)
    _printf_g                                0x08000179   Thumb Code     0  _printf_g.o(.ARM.Collect$$_printf_percent$$00000005)
    _printf_a                                0x0800017f   Thumb Code     0  _printf_a.o(.ARM.Collect$$_printf_percent$$00000006)
    _printf_ll                               0x08000185   Thumb Code     0  _printf_ll.o(.ARM.Collect$$_printf_percent$$00000007)
    _printf_i                                0x0800018f   Thumb Code     0  _printf_i.o(.ARM.Collect$$_printf_percent$$00000008)
    _printf_d                                0x08000195   Thumb Code     0  _printf_d.o(.ARM.Collect$$_printf_percent$$00000009)
    _printf_u                                0x0800019b   Thumb Code     0  _printf_u.o(.ARM.Collect$$_printf_percent$$0000000A)
    _printf_o                                0x080001a1   Thumb Code     0  _printf_o.o(.ARM.Collect$$_printf_percent$$0000000B)
    _printf_x                                0x080001a7   Thumb Code     0  _printf_x.o(.ARM.Collect$$_printf_percent$$0000000C)
    _printf_lli                              0x080001ad   Thumb Code     0  _printf_lli.o(.ARM.Collect$$_printf_percent$$0000000D)
    _printf_lld                              0x080001b3   Thumb Code     0  _printf_lld.o(.ARM.Collect$$_printf_percent$$0000000E)
    _printf_llu                              0x080001b9   Thumb Code     0  _printf_llu.o(.ARM.Collect$$_printf_percent$$0000000F)
    _printf_llo                              0x080001bf   Thumb Code     0  _printf_llo.o(.ARM.Collect$$_printf_percent$$00000010)
    _printf_llx                              0x080001c5   Thumb Code     0  _printf_llx.o(.ARM.Collect$$_printf_percent$$00000011)
    _printf_l                                0x080001cb   Thumb Code     0  _printf_l.o(.ARM.Collect$$_printf_percent$$00000012)
    _printf_c                                0x080001d5   Thumb Code     0  _printf_c.o(.ARM.Collect$$_printf_percent$$00000013)
    _printf_s                                0x080001db   Thumb Code     0  _printf_s.o(.ARM.Collect$$_printf_percent$$00000014)
    _printf_lc                               0x080001e1   Thumb Code     0  _printf_lc.o(.ARM.Collect$$_printf_percent$$00000015)
    _printf_ls                               0x080001e7   Thumb Code     0  _printf_ls.o(.ARM.Collect$$_printf_percent$$00000016)
    _printf_percent_end                      0x080001ed   Thumb Code     0  _printf_percent_end.o(.ARM.Collect$$_printf_percent$$00000017)
    __rt_lib_init                            0x080001f1   Thumb Code     0  libinit.o(.ARM.Collect$$libinit$$00000000)
    __rt_lib_init_fp_1                       0x080001f3   Thumb Code     0  libinit2.o(.ARM.Collect$$libinit$$00000002)
    __rt_lib_init_heap_1                     0x080001f3   Thumb Code     0  libinit2.o(.ARM.Collect$$libinit$$0000000A)
    __rt_lib_init_lc_common                  0x080001f3   Thumb Code     0  libinit2.o(.ARM.Collect$$libinit$$0000000F)
    __rt_lib_init_preinit_1                  0x080001f3   Thumb Code     0  libinit2.o(.ARM.Collect$$libinit$$00000004)
    __rt_lib_init_rand_1                     0x080001f3   Thumb Code     0  libinit2.o(.ARM.Collect$$libinit$$0000000E)
    __rt_lib_init_user_alloc_1               0x080001f3   Thumb Code     0  libinit2.o(.ARM.Collect$$libinit$$0000000C)
    __rt_lib_init_lc_collate_1               0x080001f9   Thumb Code     0  libinit2.o(.ARM.Collect$$libinit$$00000011)
    __rt_lib_init_lc_ctype_2                 0x080001f9   Thumb Code     0  libinit2.o(.ARM.Collect$$libinit$$00000012)
    __rt_lib_init_lc_ctype_1                 0x08000205   Thumb Code     0  libinit2.o(.ARM.Collect$$libinit$$00000013)
    __rt_lib_init_lc_monetary_1              0x08000205   Thumb Code     0  libinit2.o(.ARM.Collect$$libinit$$00000015)
    __rt_lib_init_lc_numeric_2               0x08000205   Thumb Code     0  libinit2.o(.ARM.Collect$$libinit$$00000016)
    __rt_lib_init_alloca_1                   0x0800020f   Thumb Code     0  libinit2.o(.ARM.Collect$$libinit$$0000002E)
    __rt_lib_init_argv_1                     0x0800020f   Thumb Code     0  libinit2.o(.ARM.Collect$$libinit$$0000002C)
    __rt_lib_init_atexit_1                   0x0800020f   Thumb Code     0  libinit2.o(.ARM.Collect$$libinit$$0000001B)
    __rt_lib_init_clock_1                    0x0800020f   Thumb Code     0  libinit2.o(.ARM.Collect$$libinit$$00000021)
    __rt_lib_init_cpp_1                      0x0800020f   Thumb Code     0  libinit2.o(.ARM.Collect$$libinit$$00000032)
    __rt_lib_init_exceptions_1               0x0800020f   Thumb Code     0  libinit2.o(.ARM.Collect$$libinit$$00000030)
    __rt_lib_init_fp_trap_1                  0x0800020f   Thumb Code     0  libinit2.o(.ARM.Collect$$libinit$$0000001F)
    __rt_lib_init_getenv_1                   0x0800020f   Thumb Code     0  libinit2.o(.ARM.Collect$$libinit$$00000023)
    __rt_lib_init_lc_numeric_1               0x0800020f   Thumb Code     0  libinit2.o(.ARM.Collect$$libinit$$00000017)
    __rt_lib_init_lc_time_1                  0x0800020f   Thumb Code     0  libinit2.o(.ARM.Collect$$libinit$$00000019)
    __rt_lib_init_return                     0x0800020f   Thumb Code     0  libinit2.o(.ARM.Collect$$libinit$$00000033)
    __rt_lib_init_signal_1                   0x0800020f   Thumb Code     0  libinit2.o(.ARM.Collect$$libinit$$0000001D)
    __rt_lib_init_stdio_1                    0x0800020f   Thumb Code     0  libinit2.o(.ARM.Collect$$libinit$$00000025)
    __rt_lib_shutdown                        0x08000211   Thumb Code     0  libshutdown.o(.ARM.Collect$$libshutdown$$00000000)
    __rt_lib_shutdown_cpp_1                  0x08000213   Thumb Code     0  libshutdown2.o(.ARM.Collect$$libshutdown$$00000004)
    __rt_lib_shutdown_fini_1                 0x08000213   Thumb Code     0  libshutdown2.o(.ARM.Collect$$libshutdown$$00000002)
    __rt_lib_shutdown_fp_trap_1              0x08000213   Thumb Code     0  libshutdown2.o(.ARM.Collect$$libshutdown$$00000009)
    __rt_lib_shutdown_heap_1                 0x08000213   Thumb Code     0  libshutdown2.o(.ARM.Collect$$libshutdown$$00000011)
    __rt_lib_shutdown_return                 0x08000213   Thumb Code     0  libshutdown2.o(.ARM.Collect$$libshutdown$$00000012)
    __rt_lib_shutdown_signal_1               0x08000213   Thumb Code     0  libshutdown2.o(.ARM.Collect$$libshutdown$$0000000C)
    __rt_lib_shutdown_stdio_1                0x08000213   Thumb Code     0  libshutdown2.o(.ARM.Collect$$libshutdown$$00000006)
    __rt_lib_shutdown_user_alloc_1           0x08000213   Thumb Code     0  libshutdown2.o(.ARM.Collect$$libshutdown$$0000000E)
    __rt_entry                               0x08000215   Thumb Code     0  __rtentry.o(.ARM.Collect$$rtentry$$00000000)
    __rt_entry_presh_1                       0x08000215   Thumb Code     0  __rtentry2.o(.ARM.Collect$$rtentry$$00000002)
    __rt_entry_sh                            0x08000215   Thumb Code     0  __rtentry4.o(.ARM.Collect$$rtentry$$00000004)
    __rt_entry_li                            0x0800021b   Thumb Code     0  __rtentry2.o(.ARM.Collect$$rtentry$$0000000A)
    __rt_entry_postsh_1                      0x0800021b   Thumb Code     0  __rtentry2.o(.ARM.Collect$$rtentry$$00000009)
    __rt_entry_main                          0x0800021f   Thumb Code     0  __rtentry2.o(.ARM.Collect$$rtentry$$0000000D)
    __rt_entry_postli_1                      0x0800021f   Thumb Code     0  __rtentry2.o(.ARM.Collect$$rtentry$$0000000C)
    __rt_exit                                0x08000227   Thumb Code     0  rtexit.o(.ARM.Collect$$rtexit$$00000000)
    __rt_exit_ls                             0x08000229   Thumb Code     0  rtexit2.o(.ARM.Collect$$rtexit$$00000003)
    __rt_exit_prels_1                        0x08000229   Thumb Code     0  rtexit2.o(.ARM.Collect$$rtexit$$00000002)
    __rt_exit_exit                           0x0800022d   Thumb Code     0  rtexit2.o(.ARM.Collect$$rtexit$$00000004)
    Reset_Handler                            0x08000235   Thumb Code     8  startup_stm32f10x_md.o(.text)
    ADC1_2_IRQHandler                        0x0800024f   Thumb Code     0  startup_stm32f10x_md.o(.text)
    CAN1_RX1_IRQHandler                      0x0800024f   Thumb Code     0  startup_stm32f10x_md.o(.text)
    CAN1_SCE_IRQHandler                      0x0800024f   Thumb Code     0  startup_stm32f10x_md.o(.text)
    DMA1_Channel1_IRQHandler                 0x0800024f   Thumb Code     0  startup_stm32f10x_md.o(.text)
    DMA1_Channel2_IRQHandler                 0x0800024f   Thumb Code     0  startup_stm32f10x_md.o(.text)
    DMA1_Channel3_IRQHandler                 0x0800024f   Thumb Code     0  startup_stm32f10x_md.o(.text)
    DMA1_Channel4_IRQHandler                 0x0800024f   Thumb Code     0  startup_stm32f10x_md.o(.text)
    DMA1_Channel5_IRQHandler                 0x0800024f   Thumb Code     0  startup_stm32f10x_md.o(.text)
    DMA1_Channel6_IRQHandler                 0x0800024f   Thumb Code     0  startup_stm32f10x_md.o(.text)
    DMA1_Channel7_IRQHandler                 0x0800024f   Thumb Code     0  startup_stm32f10x_md.o(.text)
    EXTI0_IRQHandler                         0x0800024f   Thumb Code     0  startup_stm32f10x_md.o(.text)
    EXTI15_10_IRQHandler                     0x0800024f   Thumb Code     0  startup_stm32f10x_md.o(.text)
    EXTI1_IRQHandler                         0x0800024f   Thumb Code     0  startup_stm32f10x_md.o(.text)
    EXTI2_IRQHandler                         0x0800024f   Thumb Code     0  startup_stm32f10x_md.o(.text)
    EXTI3_IRQHandler                         0x0800024f   Thumb Code     0  startup_stm32f10x_md.o(.text)
    EXTI4_IRQHandler                         0x0800024f   Thumb Code     0  startup_stm32f10x_md.o(.text)
    EXTI9_5_IRQHandler                       0x0800024f   Thumb Code     0  startup_stm32f10x_md.o(.text)
    FLASH_IRQHandler                         0x0800024f   Thumb Code     0  startup_stm32f10x_md.o(.text)
    I2C1_ER_IRQHandler                       0x0800024f   Thumb Code     0  startup_stm32f10x_md.o(.text)
    I2C1_EV_IRQHandler                       0x0800024f   Thumb Code     0  startup_stm32f10x_md.o(.text)
    I2C2_ER_IRQHandler                       0x0800024f   Thumb Code     0  startup_stm32f10x_md.o(.text)
    I2C2_EV_IRQHandler                       0x0800024f   Thumb Code     0  startup_stm32f10x_md.o(.text)
    PVD_IRQHandler                           0x0800024f   Thumb Code     0  startup_stm32f10x_md.o(.text)
    RCC_IRQHandler                           0x0800024f   Thumb Code     0  startup_stm32f10x_md.o(.text)
    RTCAlarm_IRQHandler                      0x0800024f   Thumb Code     0  startup_stm32f10x_md.o(.text)
    RTC_IRQHandler                           0x0800024f   Thumb Code     0  startup_stm32f10x_md.o(.text)
    SPI1_IRQHandler                          0x0800024f   Thumb Code     0  startup_stm32f10x_md.o(.text)
    SPI2_IRQHandler                          0x0800024f   Thumb Code     0  startup_stm32f10x_md.o(.text)
    TAMPER_IRQHandler                        0x0800024f   Thumb Code     0  startup_stm32f10x_md.o(.text)
    TIM1_BRK_IRQHandler                      0x0800024f   Thumb Code     0  startup_stm32f10x_md.o(.text)
    TIM1_CC_IRQHandler                       0x0800024f   Thumb Code     0  startup_stm32f10x_md.o(.text)
    TIM1_TRG_COM_IRQHandler                  0x0800024f   Thumb Code     0  startup_stm32f10x_md.o(.text)
    TIM1_UP_IRQHandler                       0x0800024f   Thumb Code     0  startup_stm32f10x_md.o(.text)
    TIM2_IRQHandler                          0x0800024f   Thumb Code     0  startup_stm32f10x_md.o(.text)
    TIM3_IRQHandler                          0x0800024f   Thumb Code     0  startup_stm32f10x_md.o(.text)
    TIM4_IRQHandler                          0x0800024f   Thumb Code     0  startup_stm32f10x_md.o(.text)
    USART2_IRQHandler                        0x0800024f   Thumb Code     0  startup_stm32f10x_md.o(.text)
    USART3_IRQHandler                        0x0800024f   Thumb Code     0  startup_stm32f10x_md.o(.text)
    USBWakeUp_IRQHandler                     0x0800024f   Thumb Code     0  startup_stm32f10x_md.o(.text)
    USB_HP_CAN1_TX_IRQHandler                0x0800024f   Thumb Code     0  startup_stm32f10x_md.o(.text)
    USB_LP_CAN1_RX0_IRQHandler               0x0800024f   Thumb Code     0  startup_stm32f10x_md.o(.text)
    WWDG_IRQHandler                          0x0800024f   Thumb Code     0  startup_stm32f10x_md.o(.text)
    __user_initial_stackheap                 0x08000251   Thumb Code     0  startup_stm32f10x_md.o(.text)
    vsnprintf                                0x08000275   Thumb Code    48  vsnprintf.o(.text)
    __2sprintf                               0x080002a9   Thumb Code    38  __2sprintf.o(.text)
    _printf_pre_padding                      0x080002d5   Thumb Code    44  _printf_pad.o(.text)
    _printf_post_padding                     0x08000301   Thumb Code    34  _printf_pad.o(.text)
    __printf                                 0x08000325   Thumb Code   388  __printf_flags_ss_wp.o(.text)
    __use_two_region_memory                  0x080004ad   Thumb Code     2  heapauxi.o(.text)
    __rt_heap_escrow$2region                 0x080004af   Thumb Code     2  heapauxi.o(.text)
    __rt_heap_expand$2region                 0x080004b1   Thumb Code     2  heapauxi.o(.text)
    _printf_truncate_signed                  0x080004b3   Thumb Code    18  _printf_truncate.o(.text)
    _printf_truncate_unsigned                0x080004c5   Thumb Code    18  _printf_truncate.o(.text)
    _printf_str                              0x080004d7   Thumb Code    82  _printf_str.o(.text)
    _printf_int_dec                          0x08000529   Thumb Code   104  _printf_dec.o(.text)
    _printf_charcount                        0x080005a1   Thumb Code    40  _printf_charcount.o(.text)
    __lib_sel_fp_printf                      0x080005c9   Thumb Code     2  _printf_fp_dec.o(.text)
    _printf_fp_dec_real                      0x0800077b   Thumb Code   620  _printf_fp_dec.o(.text)
    _printf_char_common                      0x080009f3   Thumb Code    32  _printf_char_common.o(.text)
    _sputc                                   0x08000a19   Thumb Code    10  _sputc.o(.text)
    _snputc                                  0x08000a23   Thumb Code    16  _snputc.o(.text)
    _printf_wctomb                           0x08000a35   Thumb Code   182  _printf_wctomb.o(.text)
    _printf_longlong_dec                     0x08000af1   Thumb Code   108  _printf_longlong_dec.o(.text)
    _printf_longlong_oct                     0x08000b6d   Thumb Code    66  _printf_oct_int_ll.o(.text)
    _printf_int_oct                          0x08000baf   Thumb Code    24  _printf_oct_int_ll.o(.text)
    _printf_ll_oct                           0x08000bc7   Thumb Code    12  _printf_oct_int_ll.o(.text)
    _printf_longlong_hex                     0x08000bdd   Thumb Code    86  _printf_hex_int_ll_ptr.o(.text)
    _printf_int_hex                          0x08000c33   Thumb Code    28  _printf_hex_int_ll_ptr.o(.text)
    _printf_ll_hex                           0x08000c4f   Thumb Code    12  _printf_hex_int_ll_ptr.o(.text)
    _printf_hex_ptr                          0x08000c5b   Thumb Code    18  _printf_hex_int_ll_ptr.o(.text)
    __rt_locale                              0x08000c71   Thumb Code     8  rt_locale_intlibspace.o(.text)
    _ll_udiv10                               0x08000c79   Thumb Code   138  lludiv10.o(.text)
    _printf_int_common                       0x08000d03   Thumb Code   178  _printf_intcommon.o(.text)
    _printf_fp_hex_real                      0x08000db5   Thumb Code   756  _printf_fp_hex.o(.text)
    _printf_fp_infnan                        0x080010b1   Thumb Code   112  _printf_fp_infnan.o(.text)
    _printf_cs_common                        0x08001131   Thumb Code    20  _printf_char.o(.text)
    _printf_char                             0x08001145   Thumb Code    16  _printf_char.o(.text)
    _printf_string                           0x08001155   Thumb Code     8  _printf_char.o(.text)
    _printf_lcs_common                       0x0800115d   Thumb Code    20  _printf_wchar.o(.text)
    _printf_wchar                            0x08001171   Thumb Code    16  _printf_wchar.o(.text)
    _printf_wstring                          0x08001181   Thumb Code     8  _printf_wchar.o(.text)
    _btod_etento                             0x08001189   Thumb Code   224  bigflt0.o(.text)
    _wcrtomb                                 0x0800126d   Thumb Code    64  _wcrtomb.o(.text)
    __user_libspace                          0x080012ad   Thumb Code     8  libspace.o(.text)
    __user_perproc_libspace                  0x080012ad   Thumb Code     0  libspace.o(.text)
    __user_perthread_libspace                0x080012ad   Thumb Code     0  libspace.o(.text)
    __user_setup_stackheap                   0x080012b5   Thumb Code    74  sys_stackheap_outer.o(.text)
    __rt_ctype_table                         0x08001301   Thumb Code    16  rt_ctype_table.o(.text)
    exit                                     0x08001311   Thumb Code    18  exit.o(.text)
    strcmp                                   0x08001325   Thumb Code   128  strcmpv7m.o(.text)
    _sys_exit                                0x080013a5   Thumb Code     8  sys_exit.o(.text)
    __I$use$semihosting                      0x080013b1   Thumb Code     0  use_no_semi.o(.text)
    __use_no_semihosting_swi                 0x080013b1   Thumb Code     2  use_no_semi.o(.text)
    __semihosting_library_function           0x080013b3   Thumb Code     0  indicate_semi.o(.text)
    _btod_d2e                                0x080013b3   Thumb Code    62  btod.o(CL$$btod_d2e)
    _d2e_denorm_low                          0x080013f1   Thumb Code    70  btod.o(CL$$btod_d2e_denorm_low)
    _d2e_norm_op1                            0x08001437   Thumb Code    96  btod.o(CL$$btod_d2e_norm_op1)
    __btod_div_common                        0x08001497   Thumb Code   696  btod.o(CL$$btod_div_common)
    _e2e                                     0x080017cf   Thumb Code   220  btod.o(CL$$btod_e2e)
    _btod_ediv                               0x080018ab   Thumb Code    42  btod.o(CL$$btod_ediv)
    _btod_emul                               0x080018d5   Thumb Code    42  btod.o(CL$$btod_emul)
    __btod_mult_common                       0x080018ff   Thumb Code   580  btod.o(CL$$btod_mult_common)
    BusFault_Handler                         0x08001b43   Thumb Code     4  stm32f10x_it.o(i.BusFault_Handler)
    DS18B20_Get_Temp                         0x08001b81   Thumb Code   128  ds18b20.o(i.DS18B20_Get_Temp)
    DS18B20_Init                             0x08001c05   Thumb Code    16  ds18b20.o(i.DS18B20_Init)
    DS18B20_Read_Byte                        0x08001cf1   Thumb Code    34  ds18b20.o(i.DS18B20_Read_Byte)
    DS18B20_Write_Byte                       0x08001d45   Thumb Code    96  ds18b20.o(i.DS18B20_Write_Byte)
    DebugMon_Handler                         0x08001da9   Thumb Code     2  stm32f10x_it.o(i.DebugMon_Handler)
    Delay_ms                                 0x08001dab   Thumb Code    24  delay.o(i.Delay_ms)
    Delay_us                                 0x08001dc3   Thumb Code    46  delay.o(i.Delay_us)
    GPIO_Init                                0x08001df1   Thumb Code   278  stm32f10x_gpio.o(i.GPIO_Init)
    GPIO_ReadInputDataBit                    0x08001f07   Thumb Code    18  stm32f10x_gpio.o(i.GPIO_ReadInputDataBit)
    GPIO_ResetBits                           0x08001f19   Thumb Code     4  stm32f10x_gpio.o(i.GPIO_ResetBits)
    GPIO_SetBits                             0x08001f1d   Thumb Code     4  stm32f10x_gpio.o(i.GPIO_SetBits)
    GPIO_WriteBit                            0x08001f21   Thumb Code    10  stm32f10x_gpio.o(i.GPIO_WriteBit)
    HardFault_Handler                        0x08001f2b   Thumb Code     4  stm32f10x_it.o(i.HardFault_Handler)
    MemManage_Handler                        0x08001f2f   Thumb Code     4  stm32f10x_it.o(i.MemManage_Handler)
    NMI_Handler                              0x08001f33   Thumb Code     2  stm32f10x_it.o(i.NMI_Handler)
    NVIC_Init                                0x08001f35   Thumb Code   100  misc.o(i.NVIC_Init)
    OLED_Clear                               0x08001fa5   Thumb Code    42  oled.o(i.OLED_Clear)
    OLED_I2C_Init                            0x08001fd1   Thumb Code    76  oled.o(i.OLED_I2C_Init)
    OLED_I2C_SendByte                        0x08002021   Thumb Code    80  oled.o(i.OLED_I2C_SendByte)
    OLED_I2C_Start                           0x08002075   Thumb Code    48  oled.o(i.OLED_I2C_Start)
    OLED_I2C_Stop                            0x080020a9   Thumb Code    36  oled.o(i.OLED_I2C_Stop)
    OLED_Init                                0x080020d1   Thumb Code   174  oled.o(i.OLED_Init)
    OLED_Pow                                 0x0800217f   Thumb Code    20  oled.o(i.OLED_Pow)
    OLED_SetCursor                           0x08002193   Thumb Code    34  oled.o(i.OLED_SetCursor)
    OLED_ShowChar                            0x080021b5   Thumb Code   110  oled.o(i.OLED_ShowChar)
    OLED_ShowNum                             0x08002229   Thumb Code    68  oled.o(i.OLED_ShowNum)
    OLED_ShowString                          0x0800226d   Thumb Code    40  oled.o(i.OLED_ShowString)
    OLED_WriteCommand                        0x08002295   Thumb Code    32  oled.o(i.OLED_WriteCommand)
    OLED_WriteData                           0x080022b5   Thumb Code    32  oled.o(i.OLED_WriteData)
    PendSV_Handler                           0x080022d5   Thumb Code     2  stm32f10x_it.o(i.PendSV_Handler)
    RCC_APB2PeriphClockCmd                   0x080022d9   Thumb Code    26  stm32f10x_rcc.o(i.RCC_APB2PeriphClockCmd)
    RCC_GetClocksFreq                        0x080022f9   Thumb Code   192  stm32f10x_rcc.o(i.RCC_GetClocksFreq)
    SVC_Handler                              0x080023cd   Thumb Code     2  stm32f10x_it.o(i.SVC_Handler)
    SysTick_Handler                          0x080024b9   Thumb Code     2  stm32f10x_it.o(i.SysTick_Handler)
    SystemInit                               0x080024bd   Thumb Code    78  system_stm32f10x.o(i.SystemInit)
    USART1_IRQHandler                        0x0800251d   Thumb Code    24  usart.o(i.USART1_IRQHandler)
    USART_ClearFlag                          0x08002539   Thumb Code    18  stm32f10x_usart.o(i.USART_ClearFlag)
    USART_Cmd                                0x0800254b   Thumb Code    24  stm32f10x_usart.o(i.USART_Cmd)
    USART_GetFlagStatus                      0x08002563   Thumb Code    26  stm32f10x_usart.o(i.USART_GetFlagStatus)
    USART_GetITStatus                        0x0800257d   Thumb Code    84  stm32f10x_usart.o(i.USART_GetITStatus)
    USART_ITConfig                           0x080025d1   Thumb Code    74  stm32f10x_usart.o(i.USART_ITConfig)
    USART_Init                               0x0800261d   Thumb Code   210  stm32f10x_usart.o(i.USART_Init)
    USART_SendData                           0x080026f5   Thumb Code     8  stm32f10x_usart.o(i.USART_SendData)
    UsageFault_Handler                       0x080026fd   Thumb Code     4  stm32f10x_it.o(i.UsageFault_Handler)
    Usart1_Init                              0x08002701   Thumb Code   166  usart.o(i.Usart1_Init)
    UsartPrintf                              0x080027b1   Thumb Code    72  usart.o(i.UsartPrintf)
    __ARM_fpclassify                         0x080027f9   Thumb Code    40  fpclassify.o(i.__ARM_fpclassify)
    _is_digit                                0x08002821   Thumb Code    14  __printf_wp.o(i._is_digit)
    main                                     0x08002831   Thumb Code    98  main.o(i.main)
    _get_lc_numeric                          0x080028b9   Thumb Code    44  lc_numeric_c.o(locale$$code)
    _get_lc_ctype                            0x080028e5   Thumb Code    44  lc_ctype_c.o(locale$$code)
    __aeabi_d2f                              0x08002911   Thumb Code     0  d2f.o(x$fpl$d2f)
    _d2f                                     0x08002911   Thumb Code    98  d2f.o(x$fpl$d2f)
    __aeabi_i2d                              0x08002973   Thumb Code     0  dflt_clz.o(x$fpl$dflt)
    _dflt                                    0x08002973   Thumb Code    46  dflt_clz.o(x$fpl$dflt)
    __aeabi_dmul                             0x080029a1   Thumb Code     0  dmul.o(x$fpl$dmul)
    _dmul                                    0x080029a1   Thumb Code   332  dmul.o(x$fpl$dmul)
    __fpl_dnaninf                            0x08002af5   Thumb Code   156  dnaninf.o(x$fpl$dnaninf)
    __fpl_dretinf                            0x08002b91   Thumb Code    12  dretinf.o(x$fpl$dretinf)
    __aeabi_f2d                              0x08002b9d   Thumb Code     0  f2d.o(x$fpl$f2d)
    _f2d                                     0x08002b9d   Thumb Code    86  f2d.o(x$fpl$f2d)
    __aeabi_f2uiz                            0x08002bf5   Thumb Code     0  ffixu.o(x$fpl$ffixu)
    _ffixu                                   0x08002bf5   Thumb Code    62  ffixu.o(x$fpl$ffixu)
    __fpl_fnaninf                            0x08002c33   Thumb Code   140  fnaninf.o(x$fpl$fnaninf)
    __fpl_fretinf                            0x08002cbf   Thumb Code    10  fretinf.o(x$fpl$fretinf)
    _printf_fp_dec                           0x08002cc9   Thumb Code     4  printf1.o(x$fpl$printf1)
    _printf_fp_hex                           0x08002ccd   Thumb Code     4  printf2.o(x$fpl$printf2)
    OLED_F8x16                               0x08002cd0   Data        1520  oled.o(.constdata)
    __I$use$fp                               0x08002cd0   Number         0  usenofp.o(x$fpl$usenofp)
    Region$$Table$$Base                      0x080033c0   Number         0  anon$$obj.o(Region$$Table)
    Region$$Table$$Limit                     0x080033e0   Number         0  anon$$obj.o(Region$$Table)
    __ctype                                  0x08003409   Data           0  lc_ctype_c.o(locale$$data)
    wendu                                    0x20000014   Data           4  main.o(.data)
    Wendu_Buf                                0x20000018   Data          20  main.o(.bss)
    __libspace_start                         0x2000002c   Data          96  libspace.o(.bss)
    __temporary_stack_top$libspace           0x2000008c   Data           0  libspace.o(.bss)



==============================================================================

Memory Map of the image

  Image Entry point : 0x080000ed

  Load Region LR_IROM1 (Base: 0x08000000, Size: 0x00003524, Max: 0x00010000, ABSOLUTE)

    Execution Region ER_IROM1 (Exec base: 0x08000000, Load base: 0x08000000, Size: 0x0000350c, Max: 0x00010000, ABSOLUTE)

    Exec Addr    Load Addr    Size         Type   Attr      Idx    E Section Name        Object

    0x08000000   0x08000000   0x000000ec   Data   RO            3    RESET               startup_stm32f10x_md.o
    0x080000ec   0x080000ec   0x00000008   Code   RO         3643  * !!!main             c_w.l(__main.o)
    0x080000f4   0x080000f4   0x00000034   Code   RO         3966    !!!scatter          c_w.l(__scatter.o)
    0x08000128   0x08000128   0x0000001a   Code   RO         3968    !!handler_copy      c_w.l(__scatter_copy.o)
    0x08000142   0x08000142   0x00000002   PAD
    0x08000144   0x08000144   0x0000001c   Code   RO         3970    !!handler_zi        c_w.l(__scatter_zi.o)
    0x08000160   0x08000160   0x00000000   Code   RO         3640    .ARM.Collect$$_printf_percent$$00000000  c_w.l(_printf_percent.o)
    0x08000160   0x08000160   0x00000006   Code   RO         3714    .ARM.Collect$$_printf_percent$$00000001  c_w.l(_printf_n.o)
    0x08000166   0x08000166   0x00000006   Code   RO         3716    .ARM.Collect$$_printf_percent$$00000002  c_w.l(_printf_p.o)
    0x0800016c   0x0800016c   0x00000006   Code   RO         3639    .ARM.Collect$$_printf_percent$$00000003  c_w.l(_printf_f.o)
    0x08000172   0x08000172   0x00000006   Code   RO         3721    .ARM.Collect$$_printf_percent$$00000004  c_w.l(_printf_e.o)
    0x08000178   0x08000178   0x00000006   Code   RO         3722    .ARM.Collect$$_printf_percent$$00000005  c_w.l(_printf_g.o)
    0x0800017e   0x0800017e   0x00000006   Code   RO         3723    .ARM.Collect$$_printf_percent$$00000006  c_w.l(_printf_a.o)
    0x08000184   0x08000184   0x0000000a   Code   RO         3728    .ARM.Collect$$_printf_percent$$00000007  c_w.l(_printf_ll.o)
    0x0800018e   0x0800018e   0x00000006   Code   RO         3718    .ARM.Collect$$_printf_percent$$00000008  c_w.l(_printf_i.o)
    0x08000194   0x08000194   0x00000006   Code   RO         3719    .ARM.Collect$$_printf_percent$$00000009  c_w.l(_printf_d.o)
    0x0800019a   0x0800019a   0x00000006   Code   RO         3720    .ARM.Collect$$_printf_percent$$0000000A  c_w.l(_printf_u.o)
    0x080001a0   0x080001a0   0x00000006   Code   RO         3717    .ARM.Collect$$_printf_percent$$0000000B  c_w.l(_printf_o.o)
    0x080001a6   0x080001a6   0x00000006   Code   RO         3715    .ARM.Collect$$_printf_percent$$0000000C  c_w.l(_printf_x.o)
    0x080001ac   0x080001ac   0x00000006   Code   RO         3725    .ARM.Collect$$_printf_percent$$0000000D  c_w.l(_printf_lli.o)
    0x080001b2   0x080001b2   0x00000006   Code   RO         3726    .ARM.Collect$$_printf_percent$$0000000E  c_w.l(_printf_lld.o)
    0x080001b8   0x080001b8   0x00000006   Code   RO         3727    .ARM.Collect$$_printf_percent$$0000000F  c_w.l(_printf_llu.o)
    0x080001be   0x080001be   0x00000006   Code   RO         3732    .ARM.Collect$$_printf_percent$$00000010  c_w.l(_printf_llo.o)
    0x080001c4   0x080001c4   0x00000006   Code   RO         3733    .ARM.Collect$$_printf_percent$$00000011  c_w.l(_printf_llx.o)
    0x080001ca   0x080001ca   0x0000000a   Code   RO         3729    .ARM.Collect$$_printf_percent$$00000012  c_w.l(_printf_l.o)
    0x080001d4   0x080001d4   0x00000006   Code   RO         3712    .ARM.Collect$$_printf_percent$$00000013  c_w.l(_printf_c.o)
    0x080001da   0x080001da   0x00000006   Code   RO         3713    .ARM.Collect$$_printf_percent$$00000014  c_w.l(_printf_s.o)
    0x080001e0   0x080001e0   0x00000006   Code   RO         3730    .ARM.Collect$$_printf_percent$$00000015  c_w.l(_printf_lc.o)
    0x080001e6   0x080001e6   0x00000006   Code   RO         3731    .ARM.Collect$$_printf_percent$$00000016  c_w.l(_printf_ls.o)
    0x080001ec   0x080001ec   0x00000004   Code   RO         3724    .ARM.Collect$$_printf_percent$$00000017  c_w.l(_printf_percent_end.o)
    0x080001f0   0x080001f0   0x00000002   Code   RO         3834    .ARM.Collect$$libinit$$00000000  c_w.l(libinit.o)
    0x080001f2   0x080001f2   0x00000000   Code   RO         3836    .ARM.Collect$$libinit$$00000002  c_w.l(libinit2.o)
    0x080001f2   0x080001f2   0x00000000   Code   RO         3838    .ARM.Collect$$libinit$$00000004  c_w.l(libinit2.o)
    0x080001f2   0x080001f2   0x00000000   Code   RO         3841    .ARM.Collect$$libinit$$0000000A  c_w.l(libinit2.o)
    0x080001f2   0x080001f2   0x00000000   Code   RO         3843    .ARM.Collect$$libinit$$0000000C  c_w.l(libinit2.o)
    0x080001f2   0x080001f2   0x00000000   Code   RO         3845    .ARM.Collect$$libinit$$0000000E  c_w.l(libinit2.o)
    0x080001f2   0x080001f2   0x00000006   Code   RO         3846    .ARM.Collect$$libinit$$0000000F  c_w.l(libinit2.o)
    0x080001f8   0x080001f8   0x00000000   Code   RO         3848    .ARM.Collect$$libinit$$00000011  c_w.l(libinit2.o)
    0x080001f8   0x080001f8   0x0000000c   Code   RO         3849    .ARM.Collect$$libinit$$00000012  c_w.l(libinit2.o)
    0x08000204   0x08000204   0x00000000   Code   RO         3850    .ARM.Collect$$libinit$$00000013  c_w.l(libinit2.o)
    0x08000204   0x08000204   0x00000000   Code   RO         3852    .ARM.Collect$$libinit$$00000015  c_w.l(libinit2.o)
    0x08000204   0x08000204   0x0000000a   Code   RO         3853    .ARM.Collect$$libinit$$00000016  c_w.l(libinit2.o)
    0x0800020e   0x0800020e   0x00000000   Code   RO         3854    .ARM.Collect$$libinit$$00000017  c_w.l(libinit2.o)
    0x0800020e   0x0800020e   0x00000000   Code   RO         3856    .ARM.Collect$$libinit$$00000019  c_w.l(libinit2.o)
    0x0800020e   0x0800020e   0x00000000   Code   RO         3858    .ARM.Collect$$libinit$$0000001B  c_w.l(libinit2.o)
    0x0800020e   0x0800020e   0x00000000   Code   RO         3860    .ARM.Collect$$libinit$$0000001D  c_w.l(libinit2.o)
    0x0800020e   0x0800020e   0x00000000   Code   RO         3862    .ARM.Collect$$libinit$$0000001F  c_w.l(libinit2.o)
    0x0800020e   0x0800020e   0x00000000   Code   RO         3864    .ARM.Collect$$libinit$$00000021  c_w.l(libinit2.o)
    0x0800020e   0x0800020e   0x00000000   Code   RO         3866    .ARM.Collect$$libinit$$00000023  c_w.l(libinit2.o)
    0x0800020e   0x0800020e   0x00000000   Code   RO         3868    .ARM.Collect$$libinit$$00000025  c_w.l(libinit2.o)
    0x0800020e   0x0800020e   0x00000000   Code   RO         3872    .ARM.Collect$$libinit$$0000002C  c_w.l(libinit2.o)
    0x0800020e   0x0800020e   0x00000000   Code   RO         3874    .ARM.Collect$$libinit$$0000002E  c_w.l(libinit2.o)
    0x0800020e   0x0800020e   0x00000000   Code   RO         3876    .ARM.Collect$$libinit$$00000030  c_w.l(libinit2.o)
    0x0800020e   0x0800020e   0x00000000   Code   RO         3878    .ARM.Collect$$libinit$$00000032  c_w.l(libinit2.o)
    0x0800020e   0x0800020e   0x00000002   Code   RO         3879    .ARM.Collect$$libinit$$00000033  c_w.l(libinit2.o)
    0x08000210   0x08000210   0x00000002   Code   RO         3912    .ARM.Collect$$libshutdown$$00000000  c_w.l(libshutdown.o)
    0x08000212   0x08000212   0x00000000   Code   RO         3923    .ARM.Collect$$libshutdown$$00000002  c_w.l(libshutdown2.o)
    0x08000212   0x08000212   0x00000000   Code   RO         3925    .ARM.Collect$$libshutdown$$00000004  c_w.l(libshutdown2.o)
    0x08000212   0x08000212   0x00000000   Code   RO         3927    .ARM.Collect$$libshutdown$$00000006  c_w.l(libshutdown2.o)
    0x08000212   0x08000212   0x00000000   Code   RO         3930    .ARM.Collect$$libshutdown$$00000009  c_w.l(libshutdown2.o)
    0x08000212   0x08000212   0x00000000   Code   RO         3933    .ARM.Collect$$libshutdown$$0000000C  c_w.l(libshutdown2.o)
    0x08000212   0x08000212   0x00000000   Code   RO         3935    .ARM.Collect$$libshutdown$$0000000E  c_w.l(libshutdown2.o)
    0x08000212   0x08000212   0x00000000   Code   RO         3938    .ARM.Collect$$libshutdown$$00000011  c_w.l(libshutdown2.o)
    0x08000212   0x08000212   0x00000002   Code   RO         3939    .ARM.Collect$$libshutdown$$00000012  c_w.l(libshutdown2.o)
    0x08000214   0x08000214   0x00000000   Code   RO         3663    .ARM.Collect$$rtentry$$00000000  c_w.l(__rtentry.o)
    0x08000214   0x08000214   0x00000000   Code   RO         3750    .ARM.Collect$$rtentry$$00000002  c_w.l(__rtentry2.o)
    0x08000214   0x08000214   0x00000006   Code   RO         3762    .ARM.Collect$$rtentry$$00000004  c_w.l(__rtentry4.o)
    0x0800021a   0x0800021a   0x00000000   Code   RO         3752    .ARM.Collect$$rtentry$$00000009  c_w.l(__rtentry2.o)
    0x0800021a   0x0800021a   0x00000004   Code   RO         3753    .ARM.Collect$$rtentry$$0000000A  c_w.l(__rtentry2.o)
    0x0800021e   0x0800021e   0x00000000   Code   RO         3755    .ARM.Collect$$rtentry$$0000000C  c_w.l(__rtentry2.o)
    0x0800021e   0x0800021e   0x00000008   Code   RO         3756    .ARM.Collect$$rtentry$$0000000D  c_w.l(__rtentry2.o)
    0x08000226   0x08000226   0x00000002   Code   RO         3880    .ARM.Collect$$rtexit$$00000000  c_w.l(rtexit.o)
    0x08000228   0x08000228   0x00000000   Code   RO         3890    .ARM.Collect$$rtexit$$00000002  c_w.l(rtexit2.o)
    0x08000228   0x08000228   0x00000004   Code   RO         3891    .ARM.Collect$$rtexit$$00000003  c_w.l(rtexit2.o)
    0x0800022c   0x0800022c   0x00000006   Code   RO         3892    .ARM.Collect$$rtexit$$00000004  c_w.l(rtexit2.o)
    0x08000232   0x08000232   0x00000002   PAD
    0x08000234   0x08000234   0x00000040   Code   RO            4    .text               startup_stm32f10x_md.o
    0x08000274   0x08000274   0x00000034   Code   RO         3609    .text               c_w.l(vsnprintf.o)
    0x080002a8   0x080002a8   0x0000002c   Code   RO         3611    .text               c_w.l(__2sprintf.o)
    0x080002d4   0x080002d4   0x0000004e   Code   RO         3617    .text               c_w.l(_printf_pad.o)
    0x08000322   0x08000322   0x00000002   PAD
    0x08000324   0x08000324   0x00000188   Code   RO         3636    .text               c_w.l(__printf_flags_ss_wp.o)
    0x080004ac   0x080004ac   0x00000006   Code   RO         3641    .text               c_w.l(heapauxi.o)
    0x080004b2   0x080004b2   0x00000024   Code   RO         3664    .text               c_w.l(_printf_truncate.o)
    0x080004d6   0x080004d6   0x00000052   Code   RO         3666    .text               c_w.l(_printf_str.o)
    0x08000528   0x08000528   0x00000078   Code   RO         3668    .text               c_w.l(_printf_dec.o)
    0x080005a0   0x080005a0   0x00000028   Code   RO         3670    .text               c_w.l(_printf_charcount.o)
    0x080005c8   0x080005c8   0x0000041e   Code   RO         3672    .text               c_w.l(_printf_fp_dec.o)
    0x080009e6   0x080009e6   0x00000002   PAD
    0x080009e8   0x080009e8   0x00000030   Code   RO         3674    .text               c_w.l(_printf_char_common.o)
    0x08000a18   0x08000a18   0x0000000a   Code   RO         3676    .text               c_w.l(_sputc.o)
    0x08000a22   0x08000a22   0x00000010   Code   RO         3678    .text               c_w.l(_snputc.o)
    0x08000a32   0x08000a32   0x00000002   PAD
    0x08000a34   0x08000a34   0x000000bc   Code   RO         3680    .text               c_w.l(_printf_wctomb.o)
    0x08000af0   0x08000af0   0x0000007c   Code   RO         3683    .text               c_w.l(_printf_longlong_dec.o)
    0x08000b6c   0x08000b6c   0x00000070   Code   RO         3689    .text               c_w.l(_printf_oct_int_ll.o)
    0x08000bdc   0x08000bdc   0x00000094   Code   RO         3709    .text               c_w.l(_printf_hex_int_ll_ptr.o)
    0x08000c70   0x08000c70   0x00000008   Code   RO         3767    .text               c_w.l(rt_locale_intlibspace.o)
    0x08000c78   0x08000c78   0x0000008a   Code   RO         3769    .text               c_w.l(lludiv10.o)
    0x08000d02   0x08000d02   0x000000b2   Code   RO         3771    .text               c_w.l(_printf_intcommon.o)
    0x08000db4   0x08000db4   0x000002fc   Code   RO         3773    .text               c_w.l(_printf_fp_hex.o)
    0x080010b0   0x080010b0   0x00000080   Code   RO         3776    .text               c_w.l(_printf_fp_infnan.o)
    0x08001130   0x08001130   0x0000002c   Code   RO         3780    .text               c_w.l(_printf_char.o)
    0x0800115c   0x0800115c   0x0000002c   Code   RO         3782    .text               c_w.l(_printf_wchar.o)
    0x08001188   0x08001188   0x000000e4   Code   RO         3784    .text               c_w.l(bigflt0.o)
    0x0800126c   0x0800126c   0x00000040   Code   RO         3809    .text               c_w.l(_wcrtomb.o)
    0x080012ac   0x080012ac   0x00000008   Code   RO         3818    .text               c_w.l(libspace.o)
    0x080012b4   0x080012b4   0x0000004a   Code   RO         3821    .text               c_w.l(sys_stackheap_outer.o)
    0x080012fe   0x080012fe   0x00000002   PAD
    0x08001300   0x08001300   0x00000010   Code   RO         3823    .text               c_w.l(rt_ctype_table.o)
    0x08001310   0x08001310   0x00000012   Code   RO         3825    .text               c_w.l(exit.o)
    0x08001322   0x08001322   0x00000002   PAD
    0x08001324   0x08001324   0x00000080   Code   RO         3827    .text               c_w.l(strcmpv7m.o)
    0x080013a4   0x080013a4   0x0000000c   Code   RO         3902    .text               c_w.l(sys_exit.o)
    0x080013b0   0x080013b0   0x00000002   Code   RO         3913    .text               c_w.l(use_no_semi.o)
    0x080013b2   0x080013b2   0x00000000   Code   RO         3915    .text               c_w.l(indicate_semi.o)
    0x080013b2   0x080013b2   0x0000003e   Code   RO         3787    CL$$btod_d2e        c_w.l(btod.o)
    0x080013f0   0x080013f0   0x00000046   Code   RO         3789    CL$$btod_d2e_denorm_low  c_w.l(btod.o)
    0x08001436   0x08001436   0x00000060   Code   RO         3788    CL$$btod_d2e_norm_op1  c_w.l(btod.o)
    0x08001496   0x08001496   0x00000338   Code   RO         3797    CL$$btod_div_common  c_w.l(btod.o)
    0x080017ce   0x080017ce   0x000000dc   Code   RO         3794    CL$$btod_e2e        c_w.l(btod.o)
    0x080018aa   0x080018aa   0x0000002a   Code   RO         3791    CL$$btod_ediv       c_w.l(btod.o)
    0x080018d4   0x080018d4   0x0000002a   Code   RO         3790    CL$$btod_emul       c_w.l(btod.o)
    0x080018fe   0x080018fe   0x00000244   Code   RO         3796    CL$$btod_mult_common  c_w.l(btod.o)
    0x08001b42   0x08001b42   0x00000004   Code   RO         3544    i.BusFault_Handler  stm32f10x_it.o
    0x08001b46   0x08001b46   0x00000002   PAD
    0x08001b48   0x08001b48   0x00000038   Code   RO         3397    i.DS18B20_GPIO_Config  ds18b20.o
    0x08001b80   0x08001b80   0x00000084   Code   RO         3398    i.DS18B20_Get_Temp  ds18b20.o
    0x08001c04   0x08001c04   0x00000010   Code   RO         3399    i.DS18B20_Init      ds18b20.o
    0x08001c14   0x08001c14   0x00000020   Code   RO         3400    i.DS18B20_Mode_IPU  ds18b20.o
    0x08001c34   0x08001c34   0x00000024   Code   RO         3401    i.DS18B20_Mode_Out_PP  ds18b20.o
    0x08001c58   0x08001c58   0x0000005c   Code   RO         3402    i.DS18B20_Presence  ds18b20.o
    0x08001cb4   0x08001cb4   0x0000003c   Code   RO         3403    i.DS18B20_Read_Bit  ds18b20.o
    0x08001cf0   0x08001cf0   0x00000022   Code   RO         3404    i.DS18B20_Read_Byte  ds18b20.o
    0x08001d12   0x08001d12   0x00000002   PAD
    0x08001d14   0x08001d14   0x00000030   Code   RO         3405    i.DS18B20_Rst       ds18b20.o
    0x08001d44   0x08001d44   0x00000064   Code   RO         3407    i.DS18B20_Write_Byte  ds18b20.o
    0x08001da8   0x08001da8   0x00000002   Code   RO         3545    i.DebugMon_Handler  stm32f10x_it.o
    0x08001daa   0x08001daa   0x00000018   Code   RO         3196    i.Delay_ms          delay.o
    0x08001dc2   0x08001dc2   0x0000002e   Code   RO         3198    i.Delay_us          delay.o
    0x08001df0   0x08001df0   0x00000116   Code   RO         1347    i.GPIO_Init         stm32f10x_gpio.o
    0x08001f06   0x08001f06   0x00000012   Code   RO         1351    i.GPIO_ReadInputDataBit  stm32f10x_gpio.o
    0x08001f18   0x08001f18   0x00000004   Code   RO         1354    i.GPIO_ResetBits    stm32f10x_gpio.o
    0x08001f1c   0x08001f1c   0x00000004   Code   RO         1355    i.GPIO_SetBits      stm32f10x_gpio.o
    0x08001f20   0x08001f20   0x0000000a   Code   RO         1358    i.GPIO_WriteBit     stm32f10x_gpio.o
    0x08001f2a   0x08001f2a   0x00000004   Code   RO         3546    i.HardFault_Handler  stm32f10x_it.o
    0x08001f2e   0x08001f2e   0x00000004   Code   RO         3547    i.MemManage_Handler  stm32f10x_it.o
    0x08001f32   0x08001f32   0x00000002   Code   RO         3548    i.NMI_Handler       stm32f10x_it.o
    0x08001f34   0x08001f34   0x00000070   Code   RO          137    i.NVIC_Init         misc.o
    0x08001fa4   0x08001fa4   0x0000002a   Code   RO         3289    i.OLED_Clear        oled.o
    0x08001fce   0x08001fce   0x00000002   PAD
    0x08001fd0   0x08001fd0   0x00000050   Code   RO         3290    i.OLED_I2C_Init     oled.o
    0x08002020   0x08002020   0x00000054   Code   RO         3291    i.OLED_I2C_SendByte  oled.o
    0x08002074   0x08002074   0x00000034   Code   RO         3292    i.OLED_I2C_Start    oled.o
    0x080020a8   0x080020a8   0x00000028   Code   RO         3293    i.OLED_I2C_Stop     oled.o
    0x080020d0   0x080020d0   0x000000ae   Code   RO         3294    i.OLED_Init         oled.o
    0x0800217e   0x0800217e   0x00000014   Code   RO         3295    i.OLED_Pow          oled.o
    0x08002192   0x08002192   0x00000022   Code   RO         3296    i.OLED_SetCursor    oled.o
    0x080021b4   0x080021b4   0x00000074   Code   RO         3298    i.OLED_ShowChar     oled.o
    0x08002228   0x08002228   0x00000044   Code   RO         3300    i.OLED_ShowNum      oled.o
    0x0800226c   0x0800226c   0x00000028   Code   RO         3302    i.OLED_ShowString   oled.o
    0x08002294   0x08002294   0x00000020   Code   RO         3303    i.OLED_WriteCommand  oled.o
    0x080022b4   0x080022b4   0x00000020   Code   RO         3304    i.OLED_WriteData    oled.o
    0x080022d4   0x080022d4   0x00000002   Code   RO         3549    i.PendSV_Handler    stm32f10x_it.o
    0x080022d6   0x080022d6   0x00000002   PAD
    0x080022d8   0x080022d8   0x00000020   Code   RO         1777    i.RCC_APB2PeriphClockCmd  stm32f10x_rcc.o
    0x080022f8   0x080022f8   0x000000d4   Code   RO         1785    i.RCC_GetClocksFreq  stm32f10x_rcc.o
    0x080023cc   0x080023cc   0x00000002   Code   RO         3550    i.SVC_Handler       stm32f10x_it.o
    0x080023ce   0x080023ce   0x00000008   Code   RO           24    i.SetSysClock       system_stm32f10x.o
    0x080023d6   0x080023d6   0x00000002   PAD
    0x080023d8   0x080023d8   0x000000e0   Code   RO           25    i.SetSysClockTo72   system_stm32f10x.o
    0x080024b8   0x080024b8   0x00000002   Code   RO         3551    i.SysTick_Handler   stm32f10x_it.o
    0x080024ba   0x080024ba   0x00000002   PAD
    0x080024bc   0x080024bc   0x00000060   Code   RO           27    i.SystemInit        system_stm32f10x.o
    0x0800251c   0x0800251c   0x0000001c   Code   RO         3466    i.USART1_IRQHandler  usart.o
    0x08002538   0x08002538   0x00000012   Code   RO         2956    i.USART_ClearFlag   stm32f10x_usart.o
    0x0800254a   0x0800254a   0x00000018   Code   RO         2960    i.USART_Cmd         stm32f10x_usart.o
    0x08002562   0x08002562   0x0000001a   Code   RO         2963    i.USART_GetFlagStatus  stm32f10x_usart.o
    0x0800257c   0x0800257c   0x00000054   Code   RO         2964    i.USART_GetITStatus  stm32f10x_usart.o
    0x080025d0   0x080025d0   0x0000004a   Code   RO         2966    i.USART_ITConfig    stm32f10x_usart.o
    0x0800261a   0x0800261a   0x00000002   PAD
    0x0800261c   0x0800261c   0x000000d8   Code   RO         2967    i.USART_Init        stm32f10x_usart.o
    0x080026f4   0x080026f4   0x00000008   Code   RO         2977    i.USART_SendData    stm32f10x_usart.o
    0x080026fc   0x080026fc   0x00000004   Code   RO         3552    i.UsageFault_Handler  stm32f10x_it.o
    0x08002700   0x08002700   0x000000b0   Code   RO         3467    i.Usart1_Init       usart.o
    0x080027b0   0x080027b0   0x00000048   Code   RO         3469    i.UsartPrintf       usart.o
    0x080027f8   0x080027f8   0x00000028   Code   RO         3816    i.__ARM_fpclassify  m_ws.l(fpclassify.o)
    0x08002820   0x08002820   0x0000000e   Code   RO         3629    i._is_digit         c_w.l(__printf_wp.o)
    0x0800282e   0x0800282e   0x00000002   PAD
    0x08002830   0x08002830   0x00000088   Code   RO         3515    i.main              main.o
    0x080028b8   0x080028b8   0x0000002c   Code   RO         3812    locale$$code        c_w.l(lc_numeric_c.o)
    0x080028e4   0x080028e4   0x0000002c   Code   RO         3883    locale$$code        c_w.l(lc_ctype_c.o)
    0x08002910   0x08002910   0x00000062   Code   RO         3645    x$fpl$d2f           fz_ws.l(d2f.o)
    0x08002972   0x08002972   0x0000002e   Code   RO         3648    x$fpl$dflt          fz_ws.l(dflt_clz.o)
    0x080029a0   0x080029a0   0x00000154   Code   RO         3653    x$fpl$dmul          fz_ws.l(dmul.o)
    0x08002af4   0x08002af4   0x0000009c   Code   RO         3734    x$fpl$dnaninf       fz_ws.l(dnaninf.o)
    0x08002b90   0x08002b90   0x0000000c   Code   RO         3736    x$fpl$dretinf       fz_ws.l(dretinf.o)
    0x08002b9c   0x08002b9c   0x00000056   Code   RO         3655    x$fpl$f2d           fz_ws.l(f2d.o)
    0x08002bf2   0x08002bf2   0x00000002   PAD
    0x08002bf4   0x08002bf4   0x0000003e   Code   RO         3657    x$fpl$ffixu         fz_ws.l(ffixu.o)
    0x08002c32   0x08002c32   0x0000008c   Code   RO         3738    x$fpl$fnaninf       fz_ws.l(fnaninf.o)
    0x08002cbe   0x08002cbe   0x0000000a   Code   RO         3740    x$fpl$fretinf       fz_ws.l(fretinf.o)
    0x08002cc8   0x08002cc8   0x00000004   Code   RO         3661    x$fpl$printf1       fz_ws.l(printf1.o)
    0x08002ccc   0x08002ccc   0x00000004   Code   RO         3742    x$fpl$printf2       fz_ws.l(printf2.o)
    0x08002cd0   0x08002cd0   0x00000000   Code   RO         3748    x$fpl$usenofp       fz_ws.l(usenofp.o)
    0x08002cd0   0x08002cd0   0x000005f0   Data   RO         3305    .constdata          oled.o
    0x080032c0   0x080032c0   0x00000011   Data   RO         3637    .constdata          c_w.l(__printf_flags_ss_wp.o)
    0x080032d1   0x080032d1   0x00000003   PAD
    0x080032d4   0x080032d4   0x00000008   Data   RO         3681    .constdata          c_w.l(_printf_wctomb.o)
    0x080032dc   0x080032dc   0x00000028   Data   RO         3710    .constdata          c_w.l(_printf_hex_int_ll_ptr.o)
    0x08003304   0x08003304   0x00000026   Data   RO         3774    .constdata          c_w.l(_printf_fp_hex.o)
    0x0800332a   0x0800332a   0x00000002   PAD
    0x0800332c   0x0800332c   0x00000094   Data   RO         3785    .constdata          c_w.l(bigflt0.o)
    0x080033c0   0x080033c0   0x00000020   Data   RO         3964    Region$$Table       anon$$obj.o
    0x080033e0   0x080033e0   0x0000001c   Data   RO         3811    locale$$data        c_w.l(lc_numeric_c.o)
    0x080033fc   0x080033fc   0x00000110   Data   RO         3882    locale$$data        c_w.l(lc_ctype_c.o)


    Execution Region RW_IRAM1 (Exec base: 0x20000000, Load base: 0x0800350c, Size: 0x00000690, Max: 0x00005000, ABSOLUTE)

    Exec Addr    Load Addr    Size         Type   Attr      Idx    E Section Name        Object

    0x20000000   0x0800350c   0x00000014   Data   RW         1805    .data               stm32f10x_rcc.o
    0x20000014   0x08003520   0x00000004   Data   RW         3517    .data               main.o
    0x20000018        -       0x00000014   Zero   RW         3516    .bss                main.o
    0x2000002c        -       0x00000060   Zero   RW         3819    .bss                c_w.l(libspace.o)
    0x2000008c   0x08003524   0x00000004   PAD
    0x20000090        -       0x00000200   Zero   RW            2    HEAP                startup_stm32f10x_md.o
    0x20000290        -       0x00000400   Zero   RW            1    STACK               startup_stm32f10x_md.o


==============================================================================

Image component sizes


      Code (inc. data)   RO Data    RW Data    ZI Data      Debug   Object Name

         0          0          0          0          0       4532   core_cm3.o
        70          0          0          0          0        850   delay.o
       606         40          0          0          0       4659   ds18b20.o
       136         38          0          4         20       1021   main.o
       112         12          0          0          0     204136   misc.o
       814         22       1520          0          0       6993   oled.o
        64         26        236          0       1536        788   startup_stm32f10x_md.o
         0          0          0          0          0       1620   stm32f10x_adc.o
       314          0          0          0          0      12076   stm32f10x_gpio.o
        26          0          0          0          0       3406   stm32f10x_it.o
       244         26          0         20          0      12253   stm32f10x_rcc.o
       450          6          0          0          0      11555   stm32f10x_usart.o
       328         28          0          0          0      24633   system_stm32f10x.o
       276         14          0          0          0       2688   usart.o

    ----------------------------------------------------------------------
      3454        212       1788         24       1556     291210   Object Totals
         0          0         32          0          0          0   (incl. Generated)
        14          0          0          0          0          0   (incl. Padding)

    ----------------------------------------------------------------------

      Code (inc. data)   RO Data    RW Data    ZI Data      Debug   Library Member Name

        44          6          0          0          0         84   __2sprintf.o
         8          0          0          0          0         68   __main.o
       392          4         17          0          0         92   __printf_flags_ss_wp.o
        14          0          0          0          0         68   __printf_wp.o
         0          0          0          0          0          0   __rtentry.o
        12          0          0          0          0          0   __rtentry2.o
         6          0          0          0          0          0   __rtentry4.o
        52          8          0          0          0          0   __scatter.o
        26          0          0          0          0          0   __scatter_copy.o
        28          0          0          0          0          0   __scatter_zi.o
         6          0          0          0          0          0   _printf_a.o
         6          0          0          0          0          0   _printf_c.o
        44          0          0          0          0        108   _printf_char.o
        48          6          0          0          0         96   _printf_char_common.o
        40          0          0          0          0         68   _printf_charcount.o
         6          0          0          0          0          0   _printf_d.o
       120         16          0          0          0         92   _printf_dec.o
         6          0          0          0          0          0   _printf_e.o
         6          0          0          0          0          0   _printf_f.o
      1054          0          0          0          0        216   _printf_fp_dec.o
       764          8         38          0          0        100   _printf_fp_hex.o
       128         16          0          0          0         84   _printf_fp_infnan.o
         6          0          0          0          0          0   _printf_g.o
       148          4         40          0          0        160   _printf_hex_int_ll_ptr.o
         6          0          0          0          0          0   _printf_i.o
       178          0          0          0          0         88   _printf_intcommon.o
        10          0          0          0          0          0   _printf_l.o
         6          0          0          0          0          0   _printf_lc.o
        10          0          0          0          0          0   _printf_ll.o
         6          0          0          0          0          0   _printf_lld.o
         6          0          0          0          0          0   _printf_lli.o
         6          0          0          0          0          0   _printf_llo.o
         6          0          0          0          0          0   _printf_llu.o
         6          0          0          0          0          0   _printf_llx.o
       124         16          0          0          0         92   _printf_longlong_dec.o
         6          0          0          0          0          0   _printf_ls.o
         6          0          0          0          0          0   _printf_n.o
         6          0          0          0          0          0   _printf_o.o
       112         10          0          0          0        124   _printf_oct_int_ll.o
         6          0          0          0          0          0   _printf_p.o
        78          0          0          0          0        108   _printf_pad.o
         0          0          0          0          0          0   _printf_percent.o
         4          0          0          0          0          0   _printf_percent_end.o
         6          0          0          0          0          0   _printf_s.o
        82          0          0          0          0         80   _printf_str.o
        36          0          0          0          0         84   _printf_truncate.o
         6          0          0          0          0          0   _printf_u.o
        44          0          0          0          0        108   _printf_wchar.o
       188          6          8          0          0         92   _printf_wctomb.o
         6          0          0          0          0          0   _printf_x.o
        16          0          0          0          0         68   _snputc.o
        10          0          0          0          0         68   _sputc.o
        64          0          0          0          0         92   _wcrtomb.o
       228          4        148          0          0         96   bigflt0.o
      1936        128          0          0          0        672   btod.o
        18          0          0          0          0         80   exit.o
         6          0          0          0          0        152   heapauxi.o
         0          0          0          0          0          0   indicate_semi.o
        44         10        272          0          0         76   lc_ctype_c.o
        44         10         28          0          0         76   lc_numeric_c.o
         2          0          0          0          0          0   libinit.o
        30          0          0          0          0          0   libinit2.o
         2          0          0          0          0          0   libshutdown.o
         2          0          0          0          0          0   libshutdown2.o
         8          4          0          0         96         68   libspace.o
       138          0          0          0          0         80   lludiv10.o
        16          4          0          0          0         76   rt_ctype_table.o
         8          4          0          0          0         68   rt_locale_intlibspace.o
         2          0          0          0          0          0   rtexit.o
        10          0          0          0          0          0   rtexit2.o
       128          0          0          0          0         68   strcmpv7m.o
        12          4          0          0          0         68   sys_exit.o
        74          0          0          0          0         80   sys_stackheap_outer.o
         2          0          0          0          0         68   use_no_semi.o
        52          4          0          0          0         80   vsnprintf.o
        98          4          0          0          0         92   d2f.o
        46          0          0          0          0         68   dflt_clz.o
       340         12          0          0          0        104   dmul.o
       156          4          0          0          0         92   dnaninf.o
        12          0          0          0          0         68   dretinf.o
        86          4          0          0          0         84   f2d.o
        62          4          0          0          0         84   ffixu.o
       140          4          0          0          0         84   fnaninf.o
        10          0          0          0          0         68   fretinf.o
         4          0          0          0          0         68   printf1.o
         4          0          0          0          0         68   printf2.o
         0          0          0          0          0          0   usenofp.o
        40          0          0          0          0         68   fpclassify.o

    ----------------------------------------------------------------------
      7782        304        556          0        100       4996   Library Totals
        18          0          5          0          4          0   (incl. Padding)

    ----------------------------------------------------------------------

      Code (inc. data)   RO Data    RW Data    ZI Data      Debug   Library Name

      6766        272        551          0         96       4048   c_w.l
       958         32          0          0          0        880   fz_ws.l
        40          0          0          0          0         68   m_ws.l

    ----------------------------------------------------------------------
      7782        304        556          0        100       4996   Library Totals

    ----------------------------------------------------------------------

==============================================================================


      Code (inc. data)   RO Data    RW Data    ZI Data      Debug   

     11236        516       2344         24       1656     290690   Grand Totals
     11236        516       2344         24       1656     290690   ELF Image Totals
     11236        516       2344         24          0          0   ROM Totals

==============================================================================

    Total RO  Size (Code + RO Data)                13580 (  13.26kB)
    Total RW  Size (RW Data + ZI Data)              1680 (   1.64kB)
    Total ROM Size (Code + RO Data + RW Data)      13604 (  13.29kB)

==============================================================================

